Archive member included to satisfy reference by file (symbol)

libbb/lib.a(appletlib.o)      /opt/hisi-linux/x86-arm/arm-hisiv510-linux/bin/../target/usr/lib/a7_softfp_neon-vfpv4/crt1.o (main)
libbb/lib.a(compare_string_array.o)
                              libbb/lib.a(appletlib.o) (is_prefixed_with)
libbb/lib.a(concat_path_file.o)
                              libbb/lib.a(appletlib.o) (concat_path_file)
libbb/lib.a(default_error_retval.o)
                              libbb/lib.a(appletlib.o) (xfunc_error_retval)
libbb/lib.a(get_last_path_component.o)
                              libbb/lib.a(appletlib.o) (bb_basename)
libbb/lib.a(last_char_is.o)   libbb/lib.a(concat_path_file.o) (last_char_is)
libbb/lib.a(llist.o)          libbb/lib.a(appletlib.o) (llist_free)
libbb/lib.a(messages.o)       libbb/lib.a(appletlib.o) (bb_busybox_exec_path)
libbb/lib.a(perror_msg.o)     libbb/lib.a(appletlib.o) (bb_perror_msg_and_die)
libbb/lib.a(ptr_to_globals.o)
                              libbb/lib.a(appletlib.o) (bb_errno)
libbb/lib.a(skip_whitespace.o)
                              libbb/lib.a(appletlib.o) (skip_whitespace)
libbb/lib.a(verror_msg.o)     libbb/lib.a(perror_msg.o) (bb_verror_msg)
libbb/lib.a(wfopen.o)         libbb/lib.a(appletlib.o) (fopen_for_read)
libbb/lib.a(xfunc_die.o)      libbb/lib.a(appletlib.o) (xfunc_die)
libbb/lib.a(xfuncs.o)         libbb/lib.a(appletlib.o) (full_write2_str)
libbb/lib.a(xfuncs_printf.o)  libbb/lib.a(appletlib.o) (malloc_or_warn)
libbb/lib.a(xreadlink.o)      libbb/lib.a(appletlib.o) (xmalloc_readlink)
libbb/lib.a(copyfd.o)         libbb/lib.a(xfuncs_printf.o) (bb_copyfd_eof)
libbb/lib.a(full_write.o)     libbb/lib.a(verror_msg.o) (full_write)
libbb/lib.a(read.o)           libbb/lib.a(copyfd.o) (safe_read)
libbb/lib.a(safe_write.o)     libbb/lib.a(full_write.o) (safe_write)
libbb/lib.a(signals.o)        libbb/lib.a(xfuncs_printf.o) (kill_myself_with_sig)
libbb/lib.a(time.o)           libbb/lib.a(xfuncs_printf.o) (monotonic_us)
libbb/lib.a(bb_strtonum.o)    libbb/lib.a(time.o) (bb_strtol)
libpwdgrp/lib.a(pwd_grp.o)    libbb/lib.a(appletlib.o) (bb_internal_getpwnam)
libpwdgrp/lib.a(uidgid_get.o)
                              libbb/lib.a(appletlib.o) (get_uidgid)
loginutils/lib.a(add-remove-shell.o)
                              libbb/lib.a(appletlib.o) (add_remove_shell_main)
loginutils/lib.a(addgroup.o)  libbb/lib.a(appletlib.o) (addgroup_main)
loginutils/lib.a(adduser.o)   libbb/lib.a(appletlib.o) (adduser_main)
loginutils/lib.a(chpasswd.o)  libbb/lib.a(appletlib.o) (chpasswd_main)
loginutils/lib.a(cryptpw.o)   libbb/lib.a(appletlib.o) (cryptpw_main)
loginutils/lib.a(deluser.o)   libbb/lib.a(appletlib.o) (deluser_main)
loginutils/lib.a(getty.o)     libbb/lib.a(appletlib.o) (getty_main)
loginutils/lib.a(login.o)     libbb/lib.a(appletlib.o) (login_main)
loginutils/lib.a(passwd.o)    libbb/lib.a(appletlib.o) (passwd_main)
loginutils/lib.a(su.o)        libbb/lib.a(appletlib.o) (su_main)
loginutils/lib.a(sulogin.o)   libbb/lib.a(appletlib.o) (sulogin_main)
loginutils/lib.a(vlock.o)     libbb/lib.a(appletlib.o) (vlock_main)
mailutils/lib.a(makemime.o)   libbb/lib.a(appletlib.o) (makemime_main)
mailutils/lib.a(popmaildir.o)
                              libbb/lib.a(appletlib.o) (popmaildir_main)
mailutils/lib.a(reformime.o)  libbb/lib.a(appletlib.o) (reformime_main)
mailutils/lib.a(sendmail.o)   libbb/lib.a(appletlib.o) (sendmail_main)
mailutils/lib.a(mail.o)       mailutils/lib.a(popmaildir.o) (launch_helper)
miscutils/lib.a(adjtimex.o)   libbb/lib.a(appletlib.o) (adjtimex_main)
miscutils/lib.a(beep.o)       libbb/lib.a(appletlib.o) (beep_main)
miscutils/lib.a(chat.o)       libbb/lib.a(appletlib.o) (chat_main)
miscutils/lib.a(chrt.o)       libbb/lib.a(appletlib.o) (chrt_main)
miscutils/lib.a(conspy.o)     libbb/lib.a(appletlib.o) (conspy_main)
miscutils/lib.a(crond.o)      libbb/lib.a(appletlib.o) (crond_main)
miscutils/lib.a(crontab.o)    libbb/lib.a(appletlib.o) (crontab_main)
miscutils/lib.a(dc.o)         libbb/lib.a(appletlib.o) (dc_main)
miscutils/lib.a(devmem.o)     libbb/lib.a(appletlib.o) (devmem_main)
miscutils/lib.a(eject.o)      libbb/lib.a(appletlib.o) (eject_main)
miscutils/lib.a(fbsplash.o)   libbb/lib.a(appletlib.o) (fbsplash_main)
miscutils/lib.a(hdparm.o)     libbb/lib.a(appletlib.o) (hdparm_main)
miscutils/lib.a(i2c_tools.o)  libbb/lib.a(appletlib.o) (i2cget_main)
miscutils/lib.a(ionice.o)     libbb/lib.a(appletlib.o) (ionice_main)
miscutils/lib.a(last_fancy.o)
                              libbb/lib.a(appletlib.o) (last_main)
miscutils/lib.a(less.o)       libbb/lib.a(appletlib.o) (less_main)
miscutils/lib.a(makedevs.o)   libbb/lib.a(appletlib.o) (makedevs_main)
miscutils/lib.a(man.o)        libbb/lib.a(appletlib.o) (man_main)
miscutils/lib.a(microcom.o)   libbb/lib.a(appletlib.o) (microcom_main)
miscutils/lib.a(mountpoint.o)
                              libbb/lib.a(appletlib.o) (mountpoint_main)
miscutils/lib.a(mt.o)         libbb/lib.a(appletlib.o) (mt_main)
[...]
Memory Configuration

Name             Origin             Length             Attributes
*default*        0x00000000         0xffffffff

Linker script and memory map

LOAD /opt/hisi-linux/x86-arm/arm-hisiv510-linux/bin/../target/usr/lib/a7_softfp_neon-vfpv4/crt1.o
LOAD /opt/hisi-linux/x86-arm/arm-hisiv510-linux/bin/../target/usr/lib/a7_softfp_neon-vfpv4/crti.o
LOAD /opt/hisi-linux/x86-arm/arm-hisiv510-linux/bin/../lib/gcc/arm-hisiv510-linux-uclibcgnueabi/6.2.1/a7_softfp_neon-vfpv4/crtbegin.o
START GROUP
LOAD applets/built-in.o
LOAD archival/lib.a
LOAD archival/libarchive/lib.a
LOAD console-tools/lib.a
LOAD coreutils/lib.a
LOAD coreutils/libcoreutils/lib.a
LOAD debianutils/lib.a
LOAD e2fsprogs/lib.a
LOAD editors/lib.a
LOAD findutils/lib.a
LOAD init/lib.a
LOAD libbb/lib.a
LOAD libpwdgrp/lib.a
LOAD loginutils/lib.a
LOAD mailutils/lib.a
LOAD miscutils/lib.a
LOAD modutils/lib.a
LOAD networking/lib.a
LOAD networking/libiproute/lib.a
LOAD networking/udhcp/lib.a
LOAD printutils/lib.a
LOAD procps/lib.a
LOAD runit/lib.a
LOAD selinux/lib.a
LOAD shell/lib.a
LOAD sysklogd/lib.a
LOAD util-linux/lib.a
LOAD util-linux/volume_id/lib.a
LOAD archival/built-in.o
LOAD archival/libarchive/built-in.o
LOAD console-tools/built-in.o
LOAD coreutils/built-in.o
LOAD coreutils/libcoreutils/built-in.o
LOAD debianutils/built-in.o
LOAD e2fsprogs/built-in.o
LOAD editors/built-in.o
LOAD findutils/built-in.o
LOAD init/built-in.o
LOAD libbb/built-in.o
LOAD libpwdgrp/built-in.o
LOAD loginutils/built-in.o
LOAD mailutils/built-in.o
LOAD miscutils/built-in.o
LOAD modutils/built-in.o
LOAD networking/built-in.o
LOAD networking/libiproute/built-in.o
LOAD networking/udhcp/built-in.o
LOAD printutils/built-in.o
LOAD procps/built-in.o
LOAD runit/built-in.o
LOAD selinux/built-in.o
LOAD shell/built-in.o
LOAD sysklogd/built-in.o
LOAD util-linux/built-in.o
LOAD util-linux/volume_id/built-in.o
END GROUP
START GROUP
LOAD /opt/hisi-linux/x86-arm/arm-hisiv510-linux/bin/../target/usr/lib/a7_softfp_neon-vfpv4/libm.so
END GROUP
LOAD /opt/hisi-linux/x86-arm/arm-hisiv510-linux/bin/../lib/gcc/arm-hisiv510-linux-uclibcgnueabi/6.2.1/a7_softfp_neon-vfpv4/libgcc.a
LOAD /opt/hisi-linux/x86-arm/arm-hisiv510-linux/bin/../lib/gcc/arm-hisiv510-linux-uclibcgnueabi/6.2.1/a7_softfp_neon-vfpv4/libgcc_eh.a
LOAD /opt/hisi-linux/x86-arm/arm-hisiv510-linux/bin/../target/usr/lib/a7_softfp_neon-vfpv4/libc.so
START GROUP
LOAD /opt/hisi-linux/x86-arm/arm-hisiv510-linux/bin/../target/lib/libc.so.0
LOAD /opt/hisi-linux/x86-arm/arm-hisiv510-linux/bin/../target/usr/lib/a7_softfp_neon-vfpv4/uclibc_nonshared.a
LOAD /opt/hisi-linux/x86-arm/arm-hisiv510-linux/bin/../target/lib/ld-uClibc.so.0
END GROUP
LOAD /opt/hisi-linux/x86-arm/arm-hisiv510-linux/bin/../lib/gcc/arm-hisiv510-linux-uclibcgnueabi/6.2.1/a7_softfp_neon-vfpv4/libgcc.a
LOAD /opt/hisi-linux/x86-arm/arm-hisiv510-linux/bin/../lib/gcc/arm-hisiv510-linux-uclibcgnueabi/6.2.1/a7_softfp_neon-vfpv4/libgcc_eh.a
LOAD /opt/hisi-linux/x86-arm/arm-hisiv510-linux/bin/../lib/gcc/arm-hisiv510-linux-uclibcgnueabi/6.2.1/a7_softfp_neon-vfpv4/crtend.o
LOAD /opt/hisi-linux/x86-arm/arm-hisiv510-linux/bin/../target/usr/lib/a7_softfp_neon-vfpv4/crtn.o
                [!provide]                PROVIDE (__executable_start, 0x10000)
                0x00010114                . = (0x10000 + SIZEOF_HEADERS)

.interp         0x00010114       0x14
 *(SORT(.interp))
 .interp        0x00010114       0x14 /opt/hisi-linux/x86-arm/arm-hisiv510-linux/bin/../target/usr/lib/a7_softfp_neon-vfpv4/crt1.o

.note.gnu.build-id
 *(SORT(.note.gnu.build-id))

.hash           0x00010128      0xa10
 *(SORT(.hash))
 .hash          0x00010128      0xa10 /opt/hisi-linux/x86-arm/arm-hisiv510-linux/bin/../target/usr/lib/a7_softfp_neon-vfpv4/crt1.o

.gnu.hash
 *(SORT(.gnu.hash))

.dynsym         0x00010b38     0x17b0
 *(SORT(.dynsym))
 .dynsym        0x00010b38     0x17b0 /opt/hisi-linux/x86-arm/arm-hisiv510-linux/bin/../target/usr/lib/a7_softfp_neon-vfpv4/crt1.o

.dynstr         0x000122e8      0xbef
 *(SORT(.dynstr))
 .dynstr        0x000122e8      0xbef /opt/hisi-linux/x86-arm/arm-hisiv510-linux/bin/../target/usr/lib/a7_softfp_neon-vfpv4/crt1.o

.gnu.version    0x00012ed8        0x0
 *(SORT(.gnu.version))
 .gnu.version   0x00012ed8        0x0 /opt/hisi-linux/x86-arm/arm-hisiv510-linux/bin/../target/usr/lib/a7_softfp_neon-vfpv4/crt1.o

.gnu.version_d  0x00012ed8        0x0
 *(SORT(.gnu.version_d))
 .gnu.version_d
                0x00012ed8        0x0 /opt/hisi-linux/x86-arm/arm-hisiv510-linux/bin/../target/usr/lib/a7_softfp_neon-vfpv4/crt1.o

.gnu.version_r  0x00012ed8        0x0
 *(SORT(.gnu.version_r))
 .gnu.version_r
                0x00012ed8        0x0 /opt/hisi-linux/x86-arm/arm-hisiv510-linux/bin/../target/usr/lib/a7_softfp_neon-vfpv4/crt1.o

.rel.dyn        0x00012ed8       0x50
 *(SORT(.rel.init))
 *(SORT(.rel.text) SORT(.rel.text.*) SORT(.rel.gnu.linkonce.t.*))
 *(SORT(.rel.fini))
 *(SORT(.rel.rodata) SORT(.rel.rodata.*) SORT(.rel.gnu.linkonce.r.*))
 *(SORT(.rel.data.rel.ro) SORT(.rel.data.rel.ro.*) SORT(.rel.gnu.linkonce.d.rel.ro.*))
 *(SORT(.rel.data) SORT(.rel.data.*) SORT(.rel.gnu.linkonce.d.*))
 *(SORT(.rel.tdata) SORT(.rel.tdata.*) SORT(.rel.gnu.linkonce.td.*))
 *(SORT(.rel.tbss) SORT(.rel.tbss.*) SORT(.rel.gnu.linkonce.tb.*))
 *(SORT(.rel.ctors))
 *(SORT(.rel.dtors))
 *(SORT(.rel.got))
 .rel.got       0x00012ed8        0x0 /opt/hisi-linux/x86-arm/arm-hisiv510-linux/bin/../target/usr/lib/a7_softfp_neon-vfpv4/crt1.o
 *(SORT(.rel.bss) SORT(.rel.bss.*) SORT(.rel.gnu.linkonce.b.*))
 .rel.bss       0x00012ed8       0x50 /opt/hisi-linux/x86-arm/arm-hisiv510-linux/bin/../target/usr/lib/a7_softfp_neon-vfpv4/crt1.o
                [!provide]                PROVIDE (__rel_iplt_start, .)
 *(SORT(.rel.iplt))
 .rel.iplt      0x00012f28        0x0 /opt/hisi-linux/x86-arm/arm-hisiv510-linux/bin/../target/usr/lib/a7_softfp_neon-vfpv4/crt1.o
                [!provide]                PROVIDE (__rel_iplt_end, .)

.rela.dyn       0x00012f28        0x0
 *(SORT(.rela.init))
 *(SORT(.rela.text) SORT(.rela.text.*) SORT(.rela.gnu.linkonce.t.*))
 *(SORT(.rela.fini))
 *(SORT(.rela.rodata) SORT(.rela.rodata.*) SORT(.rela.gnu.linkonce.r.*))
 *(SORT(.rela.data) SORT(.rela.data.*) SORT(.rela.gnu.linkonce.d.*))
 *(SORT(.rela.tdata) SORT(.rela.tdata.*) SORT(.rela.gnu.linkonce.td.*))
 *(SORT(.rela.tbss) SORT(.rela.tbss.*) SORT(.rela.gnu.linkonce.tb.*))
 *(SORT(.rela.ctors))
 *(SORT(.rela.dtors))
 *(SORT(.rela.got))
 *(SORT(.rela.bss) SORT(.rela.bss.*) SORT(.rela.gnu.linkonce.b.*))
                [!provide]                PROVIDE (__rela_iplt_start, .)
 *(SORT(.rela.iplt))
                [!provide]                PROVIDE (__rela_iplt_end, .)

.rel.plt        0x00012f28      0xb38
 *(SORT(.rel.plt))
 .rel.plt       0x00012f28      0xb38 /opt/hisi-linux/x86-arm/arm-hisiv510-linux/bin/../target/usr/lib/a7_softfp_neon-vfpv4/crt1.o

.rela.plt
 *(SORT(.rela.plt))

.init           0x00013a60       0x10
 *(SORT(.init))
 .init          0x00013a60        0xc /opt/hisi-linux/x86-arm/arm-hisiv510-linux/bin/../target/usr/lib/a7_softfp_neon-vfpv4/crti.o
                0x00013a60                _init
 .init          0x00013a6c        0x4 /opt/hisi-linux/x86-arm/arm-hisiv510-linux/bin/../target/usr/lib/a7_softfp_neon-vfpv4/crtn.o

.plt            0x00013a70     0x10e8
 *(SORT(.plt))
 .plt           0x00013a70     0x10e8 /opt/hisi-linux/x86-arm/arm-hisiv510-linux/bin/../target/usr/lib/a7_softfp_neon-vfpv4/crt1.o
                0x00013a84                longjmp
                0x00013a90                stpcpy
                0x00013a9c                chroot
                0x00013aa8                strcpy
                0x00013ab4                setrlimit64
                0x00013ac0                unsetenv
                0x00013acc                log
                0x00013ad8                mkstemp64
                0x00013ae4                sqrt
                0x00013af0                waitpid
                0x00013afc                pause
                0x00013b08                ioctl
                0x00013b14                if_indextoname
                0x00013b20                strtok_r
                0x00013b2c                getgid
                0x00013b38                popen
                0x00013b44                sysconf
                0x00013b50                printf
                0x00013b5c                vsprintf
                0x00013b68                cfgetospeed
                0x00013b74                recv
                0x00013b80                connect
                0x00013b8c                ungetc
                0x00013b98                tcgetsid
                0x00013ba4                utimes
                0x00013bb0                shmctl
                0x00013bbc                strerror
                0x00013bc8                memrchr
                0x00013bd4                geteuid
                0x00013be0                inet_pton
                0x00013bec                stat64
                0x00013bf8                memmove
                0x00013c04                pclose
                0x00013c10                getopt_long
                0x00013c1c                snprintf
                0x00013c28                syscall
                0x00013c34                pmap_set
                0x00013c40                munmap
                0x00013c4c                fileno_unlocked
                0x00013c58                sched_getparam
                0x00013c64                mknod
                0x00013c70                ftello64
                0x00013c7c                times
                0x00013c88                statfs64
                0x00013c94                getenv
                0x00013ca0                fchmod
                0x00013cac                getegid
                0x00013cb8                setlinebuf
                0x00013cc4                setpriority
                0x00013cd0                getpriority
                0x00013cdc                personality
                0x00013ce8                unshare
                0x00013cf4                bsearch
                0x00013d00                usleep
                0x00013d0c                execve
                0x00013d18                semget
                0x00013d24                getpagesize
                0x00013d30                getpid
                0x00013d3c                qsort
                0x00013d48                fchown
                0x00013d54                fscanf
                0x00013d60                dirname
                0x00013d6c                fcntl64
                0x00013d78                getrlimit64
                0x00013d84                fchdir
                0x00013d90                shmat
                0x00013d9c                memcpy
                0x00013da8                setvbuf
                0x00013db4                execl
                0x00013dc0                readlink
                0x00013dcc                puts
                0x00013dd8                dup2
                0x00013de4                tcflush
                0x00013df0                execle
                0x00013dfc                getuid
                0x00013e08                tcsendbreak
                0x00013e14                semctl
                0x00013e20                system
                0x00013e2c                hasmntopt
                0x00013e38                malloc
                0x00013e44                isatty
                0x00013e50                cfgetispeed
                0x00013e5c                siglongjmp
                0x00013e68                sleep
                0x00013e74                sched_setscheduler
                0x00013e80                sysinfo
                0x00013e8c                strtoll
                0x00013e98                vsnprintf
                0x00013ea4                recvfrom
                0x00013eb0                tcdrain
                0x00013ebc                pivot_root
                0x00013ec8                strtoul
                0x00013ed4                getutent
                0x00013ee0                sched_getscheduler
                0x00013eec                mktemp
                0x00013ef8                settimeofday
                0x00013f04                gethostbyaddr
                0x00013f10                rmdir
                0x00013f1c                socket
                0x00013f28                select
                0x00013f34                lchown
                0x00013f40                setgroups
                0x00013f4c                mempcpy
                0x00013f58                fflush
                0x00013f64                creat64
                0x00013f70                realpath
                0x00013f7c                getrpcbyname
                0x00013f88                putenv
                0x00013f94                sigaddset
                0x00013fa0                clearenv
                0x00013fac                chown
                0x00013fb8                strncasecmp
                0x00013fc4                setpgid
                0x00013fd0                send
                0x00013fdc                freeaddrinfo
                0x00013fe8                __fgetc_unlocked
                0x00013ff4                abort
                0x00014000                gmtime_r
                0x0001400c                chmod
                0x00014018                getnameinfo
                0x00014024                fstat64
                0x00014030                alarm
                0x0001403c                mlock
                0x00014048                acct
                0x00014054                strtol
                0x00014060                __sigsetjmp
                0x0001406c                pipe
                0x00014078                ether_hostton
                0x00014084                getpgrp
                0x00014090                strnlen
                0x0001409c                uname
                0x000140a8                accept
                0x000140b4                cfsetispeed
                0x000140c0                utmpname
                0x000140cc                rename
                0x000140d8                strrchr
                0x000140e4                nanosleep
                0x000140f0                strtod
                0x000140fc                write
                0x00014108                atof
                0x00014114                fdatasync
                0x00014120                fprintf
                0x0001412c                kill
                0x00014138                fputs_unlocked
                0x00014144                ctime
                0x00014150                strcat
                0x0001415c                bind
                0x00014168                getmntent_r
                0x00014174                inet_addr
                0x00014180                vprintf
                0x0001418c                readahead
                0x00014198                umount2
                0x000141a4                mkfifo
                0x000141b0                if_nametoindex
                0x000141c8                reboot
                0x000141d4                chdir
                0x000141e0                pmap_unset
                0x000141ec                shmdt
                0x000141f8                setsockopt
                0x00014204                wait3
                0x00014210                shmget
                0x0001421c                cfsetospeed
                0x00014228                cos
                0x00014234                memchr
                0x00014240                swapoff
                0x0001424c                wait
                0x00014258                umask
                0x00014264                dprintf
                0x00014270                mktime
                0x0001427c                strcasestr
                0x00014288                strstr
                0x00014294                unlockpt
                0x000142a0                sin
                0x000142ac                rand
                0x000142b8                flock
                0x000142c4                setgid
                0x000142d0                atan2
                0x000142dc                signal
                0x000142e8                read
                0x000142f4                endutent
                0x00014300                openlog
                0x0001430c                pread64
                0x00014318                sendmsg
                0x00014324                closelog
                0x00014330                strncmp
                0x0001433c                getusershell
                0x00014348                sethostname
                0x00014354                __cmsg_nxthdr
                0x00014360                setpgrp
                0x0001436c                pow
                0x00014378                strncpy
                0x00014384                unlink
                0x00014390                sync
                0x0001439c                setenv
                0x000143a8                freopen64
                0x000143b4                strcasecmp
                0x000143c0                sendto
                0x000143cc                sched_get_priority_max
                0x000143d8                realloc
                0x000143e4                __cxa_atexit
                0x000143f0                readdir64
                0x000143fc                strtok
                0x00014408                memcmp
                0x00014414                listen
                0x00014420                sched_get_priority_min
                0x0001442c                malloc_trim
                0x00014438                fdopen
                0x00014444                fork
                0x00014450                sscanf
                0x0001445c                execv
                0x00014468                setmntent
                0x00014474                lstat64
                0x00014480                setresuid
                0x0001448c                execlp
                0x00014498                sigaction
                0x000144a4                endmntent
                0x000144b0                __res_init
                0x000144bc                killpg
                0x000144c8                fread
                0x000144d4                ttyname_r
                0x000144e0                __uClibc_main
                0x000144ec                getlogin_r
                0x000144f8                strdup
                0x00014504                inet_aton
                0x00014510                strtoull
                0x0001451c                regcomp
                0x00014528                symlink
                0x00014534                gettimeofday
                0x00014540                getopt
                0x0001454c                localtime
                0x00014558                memset
                0x00014564                fnmatch
                0x00014570                cfmakeraw
                0x0001457c                getsid
                0x00014588                srand
                0x00014594                clearerr
                0x000145a0                mallopt
                0x000145ac                fclose
                0x000145b8                grantpt
                0x000145c4                open64
                0x000145d0                inet_ntoa
                0x000145dc                getppid
                0x000145e8                tcgetattr
                0x000145f4                getservbyport
                0x00014600                regexec
                0x0001460c                time
                0x00014618                opendir
                0x00014624                getgroups
                0x00014630                msgctl
                0x0001463c                poll
                0x00014648                sigtimedwait
                0x00014654                syslog
                0x00014660                seteuid
                0x0001466c                exp
                0x00014678                getopt_long_only
                0x00014684                mount
                0x00014690                nice
                0x0001469c                strcmp
                0x000146a8                shutdown
                0x000146b4                __h_errno_location
                0x000146c0                dup
                0x000146cc                swapon
                0x000146d8                getcwd
                0x000146e4                __res_state
                0x000146f0                gethostbyname
                0x000146fc                strsignal
                0x00014708                getservbyname
                0x00014714                sprintf
                0x00014720                ether_aton_r
                0x0001472c                asprintf
                0x00014738                strcspn
                0x00014744                getpeername
                0x00014750                cfsetspeed
                0x0001475c                scanf
                0x00014768                regerror
                0x00014774                pututline
                0x00014780                mmap64
                0x0001478c                vfork
                0x00014798                strsep
                0x000147a4                sigismember
                0x000147b0                fsync
                0x000147bc                fputc
                0x000147c8                getsockopt
                0x000147d4                hstrerror
                0x000147e0                localtime_r
                0x000147ec                getaddrinfo
                0x000147f8                socketpair
                0x00014804                setresgid
                0x00014810                lutimes
                0x0001481c                strftime
                0x00014828                sendfile64
                0x00014834                mkdtemp
                0x00014840                getmntent
                0x0001484c                fwrite
                0x00014858                access
                0x00014864                bindresvport
                0x00014870                strptime
                0x0001487c                tcgetpgrp
                0x00014888                __errno_location
                0x00014894                link
                0x000148a0                semop
                0x000148ac                exit
                0x000148b8                stime
                0x000148c4                klogctl
                0x000148d0                sigdelset
                0x000148dc                setbuf
                0x000148e8                inet_ntop
                0x000148f4                globfree64
                0x00014900                atoi
                0x0001490c                _setjmp
                0x00014918                fgets_unlocked
                0x00014924                getline
                0x00014930                _exit
                0x0001493c                strverscmp
                0x00014948                gmtime
                0x00014954                strspn
                0x00014960                munlock
                0x0001496c                daemon
                0x00014978                strlen
                0x00014984                lseek64
                0x00014990                atoll
                0x0001499c                ptsname_r
                0x000149a8                regfree
                0x000149b4                updwtmp
                0x000149c0                div
                0x000149cc                strchr
                0x000149d8                setutent
                0x000149e4                fputs
                0x000149f0                adjtimex
                0x000149fc                execvp
                0x00014a08                setsid
                0x00014a14                setegid
                0x00014a20                closedir
                0x00014a2c                vasprintf
                0x00014a38                recvmsg
                0x00014a44                strchrnul
                0x00014a50                tzset
                0x00014a5c                sched_yield
                0x00014a68                setuid
                0x00014a74                gethostid
                0x00014a80                fseeko64
                0x00014a8c                tcsetattr
                0x00014a98                mkdir
                0x00014ab0                msgget
                0x00014abc                close
                0x00014ac8                glob64
                0x00014ad4                vfprintf
                0x00014ae0                strpbrk
                0x00014aec                tcsetpgrp
                0x00014af8                sigsuspend
                0x00014b04                raise
                0x00014b10                free
                0x00014b1c                sigprocmask
                0x00014b28                __fputc_unlocked
                0x00014b34                getsockname
                0x00014b40                fopen64
                0x00014b4c                ftruncate64

.iplt           0x00014b58        0x0
 *(SORT(.iplt))
 .iplt          0x00014b58        0x0 /opt/hisi-linux/x86-arm/arm-hisiv510-linux/bin/../target/usr/lib/a7_softfp_neon-vfpv4/crt1.o

.text           0x00014b58    0xb25d0
 *(SORT(.text.unlikely) SORT(.text.*_unlikely) SORT(.text.unlikely.*))
 *(SORT(.text.exit) SORT(.text.exit.*))
 *(SORT(.text.startup) SORT(.text.startup.*))
 *(SORT(.text.hot) SORT(.text.hot.*))
 *(SORT(.text) SORT(.stub) SORT(.text.*) SORT(.gnu.linkonce.t.*))
 .text.identify
                0x00014b58     0x1238 miscutils/lib.a(hdparm.o)
 .text.brctl_main
                0x00015d90      0x4ec networking/lib.a(brctl.o)
                0x00015d90                brctl_main
 *fill*         0x0001627c        0x4 
 .text.filter_datapoints
                0x00016280       0xe4 networking/lib.a(ntpd.o)
 *fill*         0x00016364        0x4 
 .text.lfp_to_d
                0x00016368       0x48 networking/lib.a(ntpd.o)
 .text.gettime1900d
                0x000163b0       0x5c networking/lib.a(ntpd.o)
 *fill*         0x0001640c        0x4 
 .text.step_time
                0x00016410      0x180 networking/lib.a(ntpd.o)
 .text.update_local_clock
                0x00016590      0x334 networking/lib.a(ntpd.o)
 *fill*         0x000168c4        0x4 
 .text.recv_and_process_peer_pkt
                0x000168c8      0x860 networking/lib.a(ntpd.o)
 .text.ntpd_main
                0x00017128      0x438 networking/lib.a(ntpd.o)
                0x00017128                ntpd_main
 .text.parse_args
                0x00017560      0x668 networking/libiproute/lib.a(iptunnel.o)
 .text.percent_value
                0x00017bc8       0x70 procps/lib.a(iostat.o)
 .text.percent_value
                0x00017c38       0x70 procps/lib.a(mpstat.o)
 .text.write_stats_core
                0x00017ca8      0x520 procps/lib.a(mpstat.o)
 .text.powertop_main
                0x000181c8      0x6f8 procps/lib.a(powertop.o)
                0x000181c8                powertop_main
 .text.showmode
                0x000188c0      0x184 util-linux/lib.a(fbset.o)
 *fill*         0x00018a44        0x4 
 .text.script_main
                0x00018a48      0x48c util-linux/lib.a(script.o)
                0x00018a48                script_main
 *fill*         0x00018ed4        0x4 
 .text.scriptreplay_main
                0x00018ed8       0xd8 util-linux/lib.a(scriptreplay.o)
                0x00018ed8                scriptreplay_main
 .text.dd_output_status
                0x00018fb0      0x12c coreutils/lib.a(dd.o)
 *fill*         0x000190dc        0x4 
 .text.sleep_main
                0x000190e0      0x194 coreutils/lib.a(sleep.o)
                0x000190e0                sleep_main
 *fill*         0x00019274        0x4 
 .text.evaluate
                0x00019278      0xe78 editors/lib.a(awk.o)
 .text.bootchartd_main
                0x0001a0f0      0x56c init/lib.a(bootchartd.o)
                0x0001a0f0                bootchartd_main
 *fill*         0x0001a65c        0x4 
 .text.smart_ulltoa5
                0x0001a660      0x1a0 libbb/lib.a(human_readable.o)
                0x0001a660                smart_ulltoa5
 .text.bb_progress_update
                0x0001a800      0x37c libbb/lib.a(progress.o)
                0x0001a800                bb_progress_update
 *fill*         0x0001ab7c        0x4 
 .text          0x0001ab80       0x50 /opt/hisi-linux/x86-arm/arm-hisiv510-linux/bin/../lib/gcc/arm-hisiv510-linux-uclibcgnueabi/6.2.1/a7_softfp_neon-vfpv4/libgcc.a(_fixunsdfdi.o)
                0x0001ab80                __aeabi_d2ulz
                0x0001ab80                __fixunsdfdi
 .text          0x0001abd0       0x3c /opt/hisi-linux/x86-arm/arm-hisiv510-linux/bin/../target/usr/lib/a7_softfp_neon-vfpv4/crt1.o
                0x0001abd0                _start
 .text          0x0001ac0c      0x108 /opt/hisi-linux/x86-arm/arm-hisiv510-linux/bin/../lib/gcc/arm-hisiv510-linux-uclibcgnueabi/6.2.1/a7_softfp_neon-vfpv4/crtbegin.o
 .text.get_trimmed_slice
                0x0001ad14       0x30 libbb/lib.a(appletlib.o)
 .text.find_applet_by_name
                0x0001ad44       0xa8 libbb/lib.a(appletlib.o)
                0x0001ad44                find_applet_by_name
 .text.bb_show_usage
                0x0001adec       0xec libbb/lib.a(appletlib.o)
                0x0001adec                bb_show_usage
 .text.parse_config_file
                0x0001aed8      0x308 libbb/lib.a(appletlib.o)
 .text.lbb_prepare
                0x0001b1e0       0x28 libbb/lib.a(appletlib.o)
                0x0001b1e0                lbb_prepare
 .text.run_applet_no_and_exit
                0x0001b208      0x298 libbb/lib.a(appletlib.o)
                0x0001b208                run_applet_no_and_exit
 .text.run_applet_and_exit
                0x0001b4a0      0x358 libbb/lib.a(appletlib.o)
 .text.main     0x0001b7f8       0x68 libbb/lib.a(appletlib.o)
                0x0001b7f8                main
 .text.is_prefixed_with
                0x0001b860       0x30 libbb/lib.a(compare_string_array.o)
                0x0001b860                is_prefixed_with
 .text.index_in_strings
                0x0001b890       0x54 libbb/lib.a(compare_string_array.o)
                0x0001b890                index_in_strings
 .text.index_in_substrings
                0x0001b8e4       0x8c libbb/lib.a(compare_string_array.o)
                0x0001b8e4                index_in_substrings
 .text.nth_string
                0x0001b970       0x34 libbb/lib.a(compare_string_array.o)
                0x0001b970                nth_string
 .text.concat_path_file
                0x0001b9a4       0x64 libbb/lib.a(concat_path_file.o)
                0x0001b9a4                concat_path_file
 .text.bb_basename
                0x0001ba08       0x20 libbb/lib.a(get_last_path_component.o)
                0x0001ba08                bb_basename
 .text.bb_get_last_path_component_nostrip
                0x0001ba28       0x3c libbb/lib.a(get_last_path_component.o)
                0x0001ba28                bb_get_last_path_component_nostrip
 .text.bb_get_last_path_component_strip
                0x0001ba64       0x50 libbb/lib.a(get_last_path_component.o)
                0x0001ba64                bb_get_last_path_component_strip
 .text.last_char_is
                0x0001bab4       0x4c libbb/lib.a(last_char_is.o)
                0x0001bab4                last_char_is
 .text.llist_add_to
                0x0001bb00       0x28 libbb/lib.a(llist.o)
                0x0001bb00                llist_add_to
 .text.llist_add_to_end
                0x0001bb28       0x34 libbb/lib.a(llist.o)
                0x0001bb28                llist_add_to_end
 .text.llist_pop
                0x0001bb5c       0x2c libbb/lib.a(llist.o)
                0x0001bb5c                llist_pop
 .text.llist_unlink
                0x0001bb88       0x34 libbb/lib.a(llist.o)
                0x0001bb88                llist_unlink
 .text.llist_free
                0x0001bbbc       0x3c libbb/lib.a(llist.o)
                0x0001bbbc                llist_free
 .text.llist_rev
                0x0001bbf8       0x28 libbb/lib.a(llist.o)
                0x0001bbf8                llist_rev
 .text.llist_find_str
                0x0001bc20       0x38 libbb/lib.a(llist.o)
                0x0001bc20                llist_find_str
 .text.bb_perror_msg
                0x0001bc58       0x4c libbb/lib.a(perror_msg.o)
                0x0001bc58                bb_perror_msg
 .text.bb_perror_msg_and_die
                0x0001bca4       0x40 libbb/lib.a(perror_msg.o)
                0x0001bca4                bb_perror_msg_and_die
 .text.bb_simple_perror_msg
                0x0001bce4       0x10 libbb/lib.a(perror_msg.o)
                0x0001bce4                bb_simple_perror_msg
 .text.bb_simple_perror_msg_and_die
                0x0001bcf4       0x14 libbb/lib.a(perror_msg.o)
                0x0001bcf4                bb_simple_perror_msg_and_die
 .text.skip_whitespace
                0x0001bd08       0x20 libbb/lib.a(skip_whitespace.o)
                0x0001bd08                skip_whitespace
 .text.skip_non_whitespace
                0x0001bd28       0x24 libbb/lib.a(skip_whitespace.o)
                0x0001bd28                skip_non_whitespace
 .text.skip_dev_pfx
                0x0001bd4c       0x24 libbb/lib.a(skip_whitespace.o)
                0x0001bd4c                skip_dev_pfx
 .text.bb_verror_msg
                0x0001bd70      0x218 libbb/lib.a(verror_msg.o)
                0x0001bd70                bb_verror_msg
 .text.bb_error_msg_and_die
                0x0001bf88       0x20 libbb/lib.a(verror_msg.o)
                0x0001bf88                bb_error_msg_and_die
 .text.bb_error_msg
                0x0001bfa8       0x2c libbb/lib.a(verror_msg.o)
                0x0001bfa8                bb_error_msg
 .text.xfdopen_helper
                0x0001bfd4       0x38 libbb/lib.a(wfopen.o)
 .text.fopen_or_warn
                0x0001c00c       0x24 libbb/lib.a(wfopen.o)
                0x0001c00c                fopen_or_warn
 .text.fopen_for_read
                0x0001c030        0xc libbb/lib.a(wfopen.o)
                0x0001c030                fopen_for_read
 .text.xfopen_for_read
                0x0001c03c        0xc libbb/lib.a(wfopen.o)
                0x0001c03c                xfopen_for_read
 .text.fopen_for_write
                0x0001c048        0xc libbb/lib.a(wfopen.o)
                0x0001c048                fopen_for_write
 .text.xfopen_for_write
                0x0001c054        0xc libbb/lib.a(wfopen.o)
                0x0001c054                xfopen_for_write
 .text.xfdopen_for_read
                0x0001c060        0x8 libbb/lib.a(wfopen.o)
                0x0001c060                xfdopen_for_read
 .text.xfdopen_for_write
                0x0001c068        0xc libbb/lib.a(wfopen.o)
                0x0001c068                xfdopen_for_write
 .text.xfunc_die
                0x0001c074       0x2c libbb/lib.a(xfunc_die.o)
                0x0001c074                xfunc_die
 .text.ndelay_on
                0x0001c0a0       0x34 libbb/lib.a(xfuncs.o)
                0x0001c0a0                ndelay_on
 .text.ndelay_off
                0x0001c0d4       0x34 libbb/lib.a(xfuncs.o)
                0x0001c0d4                ndelay_off
 .text.close_on_exec_on
                0x0001c108        0xc libbb/lib.a(xfuncs.o)
                0x0001c108                close_on_exec_on
 .text.strncpy_IFNAMSIZ
                0x0001c114        0x8 libbb/lib.a(xfuncs.o)
                0x0001c114                strncpy_IFNAMSIZ
 .text.utoa_to_buf
                0x0001c11c       0x80 libbb/lib.a(xfuncs.o)
                0x0001c11c                utoa_to_buf
 .text.itoa_to_buf
                0x0001c19c       0x2c libbb/lib.a(xfuncs.o)
                0x0001c19c                itoa_to_buf
 .text.utoa     0x0001c1c8       0x28 libbb/lib.a(xfuncs.o)
                0x0001c1c8                utoa
 .text.itoa     0x0001c1f0       0x28 libbb/lib.a(xfuncs.o)
                0x0001c1f0                itoa
 .text.bin2hex  0x0001c218       0x4c libbb/lib.a(xfuncs.o)
                0x0001c218                bin2hex
 .text.hex2bin  0x0001c264       0xd8 libbb/lib.a(xfuncs.o)
                0x0001c264                hex2bin
 .text.bb_putchar_stderr
                0x0001c33c       0x20 libbb/lib.a(xfuncs.o)
                0x0001c33c                bb_putchar_stderr
 .text.full_write1_str
                0x0001c35c       0x20 libbb/lib.a(xfuncs.o)
                0x0001c35c                full_write1_str
 .text.full_write2_str
                0x0001c37c       0x20 libbb/lib.a(xfuncs.o)
                0x0001c37c                full_write2_str
 .text.get_terminal_width_height
                0x0001c39c      0x13c libbb/lib.a(xfuncs.o)
                0x0001c39c                get_terminal_width_height
 .text.get_terminal_width
                0x0001c4d8       0x1c libbb/lib.a(xfuncs.o)
                0x0001c4d8                get_terminal_width
 .text.tcsetattr_stdin_TCSANOW
                0x0001c4f4       0x10 libbb/lib.a(xfuncs.o)
                0x0001c4f4                tcsetattr_stdin_TCSANOW
 .text.safe_waitpid
                0x0001c504       0x44 libbb/lib.a(xfuncs.o)
                0x0001c504                safe_waitpid
 .text.wait_any_nohang
                0x0001c548       0x10 libbb/lib.a(xfuncs.o)
                0x0001c548                wait_any_nohang
 .text.wait4pid
                0x0001c558       0x54 libbb/lib.a(xfuncs.o)
                0x0001c558                wait4pid
 .text.wait_for_exitstatus
                0x0001c5ac       0x30 libbb/lib.a(xfuncs.o)
                0x0001c5ac                wait_for_exitstatus
 .text.malloc_or_warn
                0x0001c5dc       0x3c libbb/lib.a(xfuncs_printf.o)
                0x0001c5dc                malloc_or_warn
 .text.xmalloc  0x0001c618       0x30 libbb/lib.a(xfuncs_printf.o)
                0x0001c618                xmalloc
 .text.xrealloc
                0x0001c648       0x30 libbb/lib.a(xfuncs_printf.o)
                0x0001c648                xrealloc
 .text.xzalloc  0x0001c678       0x24 libbb/lib.a(xfuncs_printf.o)
                0x0001c678                xzalloc
 .text.xstrdup  0x0001c69c       0x2c libbb/lib.a(xfuncs_printf.o)
                0x0001c69c                xstrdup
 .text.xstrndup
                0x0001c6c8       0x50 libbb/lib.a(xfuncs_printf.o)
                0x0001c6c8                xstrndup
 .text.xmemdup  0x0001c718       0x24 libbb/lib.a(xfuncs_printf.o)
                0x0001c718                xmemdup
 .text.xfopen   0x0001c73c       0x24 libbb/lib.a(xfuncs_printf.o)
                0x0001c73c                xfopen
 .text.xopen3   0x0001c760       0x24 libbb/lib.a(xfuncs_printf.o)
                0x0001c760                xopen3
 .text.xopen    0x0001c784        0x8 libbb/lib.a(xfuncs_printf.o)
                0x0001c784                xopen
 .text.open3_or_warn
                0x0001c78c       0x2c libbb/lib.a(xfuncs_printf.o)
                0x0001c78c                open3_or_warn
 .text.open_or_warn
                0x0001c7b8        0x8 libbb/lib.a(xfuncs_printf.o)
                0x0001c7b8                open_or_warn
 .text.xopen_nonblocking
                0x0001c7c0        0x8 libbb/lib.a(xfuncs_printf.o)
                0x0001c7c0                xopen_nonblocking
 .text.xunlink  0x0001c7c8       0x24 libbb/lib.a(xfuncs_printf.o)
                0x0001c7c8                xunlink
 .text.xrename  0x0001c7ec       0x2c libbb/lib.a(xfuncs_printf.o)
                0x0001c7ec                xrename
 .text.rename_or_warn
                0x0001c818       0x34 libbb/lib.a(xfuncs_printf.o)
                0x0001c818                rename_or_warn
 .text.xpipe    0x0001c84c       0x1c libbb/lib.a(xfuncs_printf.o)
                0x0001c84c                xpipe
 .text.xdup2    0x0001c868       0x20 libbb/lib.a(xfuncs_printf.o)
                0x0001c868                xdup2
 .text.xmove_fd
                0x0001c888       0x20 libbb/lib.a(xfuncs_printf.o)
                0x0001c888                xmove_fd
 .text.xwrite   0x0001c8a8       0x38 libbb/lib.a(xfuncs_printf.o)
                0x0001c8a8                xwrite
 .text.xwrite_str
                0x0001c8e0       0x28 libbb/lib.a(xfuncs_printf.o)
                0x0001c8e0                xwrite_str
 .text.xclose   0x0001c908       0x1c libbb/lib.a(xfuncs_printf.o)
                0x0001c908                xclose
 .text.xlseek   0x0001c924       0x5c libbb/lib.a(xfuncs_printf.o)
                0x0001c924                xlseek
 .text.xmkstemp
                0x0001c980       0x24 libbb/lib.a(xfuncs_printf.o)
                0x0001c980                xmkstemp
 .text.die_if_ferror
                0x0001c9a4       0x20 libbb/lib.a(xfuncs_printf.o)
                0x0001c9a4                die_if_ferror
 .text.die_if_ferror_stdout
                0x0001c9c4       0x18 libbb/lib.a(xfuncs_printf.o)
                0x0001c9c4                die_if_ferror_stdout
 .text.fflush_all
                0x0001c9dc        0x8 libbb/lib.a(xfuncs_printf.o)
                0x0001c9dc                fflush_all
 .text.bb_putchar
                0x0001c9e4       0x38 libbb/lib.a(xfuncs_printf.o)
                0x0001c9e4                bb_putchar
 .text.xasprintf
                0x0001ca1c       0x44 libbb/lib.a(xfuncs_printf.o)
                0x0001ca1c                xasprintf
 .text.xsetenv  0x0001ca60       0x20 libbb/lib.a(xfuncs_printf.o)
                0x0001ca60                xsetenv
 .text.bb_unsetenv
                0x0001ca80       0x44 libbb/lib.a(xfuncs_printf.o)
                0x0001ca80                bb_unsetenv
 .text.bb_unsetenv_and_free
                0x0001cac4       0x18 libbb/lib.a(xfuncs_printf.o)
                0x0001cac4                bb_unsetenv_and_free
 .text.xsetgid  0x0001cadc       0x1c libbb/lib.a(xfuncs_printf.o)
                0x0001cadc                xsetgid
 .text.xsetuid  0x0001caf8       0x1c libbb/lib.a(xfuncs_printf.o)
                0x0001caf8                xsetuid
 .text.xsetegid
                0x0001cb14       0x1c libbb/lib.a(xfuncs_printf.o)
                0x0001cb14                xsetegid
 .text.xseteuid
                0x0001cb30       0x1c libbb/lib.a(xfuncs_printf.o)
                0x0001cb30                xseteuid
 .text.xopen_as_uid_gid
                0x0001cb4c       0x5c libbb/lib.a(xfuncs_printf.o)
                0x0001cb4c                xopen_as_uid_gid
 .text.xchdir   0x0001cba8       0x24 libbb/lib.a(xfuncs_printf.o)
                0x0001cba8                xchdir
 .text.xfchdir  0x0001cbcc       0x1c libbb/lib.a(xfuncs_printf.o)
                0x0001cbcc                xfchdir
 .text.xchroot  0x0001cbe8       0x34 libbb/lib.a(xfuncs_printf.o)
                0x0001cbe8                xchroot
 .text.warn_opendir
                0x0001cc1c       0x2c libbb/lib.a(xfuncs_printf.o)
                0x0001cc1c                warn_opendir
 .text.xopendir
                0x0001cc48       0x24 libbb/lib.a(xfuncs_printf.o)
                0x0001cc48                xopendir
 .text.xsocket  0x0001cc6c       0x1c libbb/lib.a(xfuncs_printf.o)
                0x0001cc6c                xsocket
 .text.xbind    0x0001cc88       0x1c libbb/lib.a(xfuncs_printf.o)
                0x0001cc88                xbind
 .text.xlisten  0x0001cca4       0x1c libbb/lib.a(xfuncs_printf.o)
                0x0001cca4                xlisten
 .text.xsendto  0x0001ccc0       0x30 libbb/lib.a(xfuncs_printf.o)
                0x0001ccc0                xsendto
 .text.xstat    0x0001ccf0       0x24 libbb/lib.a(xfuncs_printf.o)
                0x0001ccf0                xstat
 .text.xfstat   0x0001cd14       0x1c libbb/lib.a(xfuncs_printf.o)
                0x0001cd14                xfstat
 .text.ioctl_or_perror_and_die
                0x0001cd30       0x54 libbb/lib.a(xfuncs_printf.o)
                0x0001cd30                ioctl_or_perror_and_die
 .text.ioctl_or_perror
                0x0001cd84       0x54 libbb/lib.a(xfuncs_printf.o)
                0x0001cd84                ioctl_or_perror
 .text.bb_ioctl_or_warn
                0x0001cdd8       0x24 libbb/lib.a(xfuncs_printf.o)
                0x0001cdd8                bb_ioctl_or_warn
 .text.bb_xioctl
                0x0001cdfc       0x1c libbb/lib.a(xfuncs_printf.o)
                0x0001cdfc                bb_xioctl
 .text.xmalloc_ttyname
                0x0001ce18       0x30 libbb/lib.a(xfuncs_printf.o)
                0x0001ce18                xmalloc_ttyname
 .text.generate_uuid
                0x0001ce48       0xa4 libbb/lib.a(xfuncs_printf.o)
                0x0001ce48                generate_uuid
 .text.xfork    0x0001ceec       0x1c libbb/lib.a(xfuncs_printf.o)
                0x0001ceec                xfork
 .text.xvfork_parent_waits_and_exits
                0x0001cf08       0x4c libbb/lib.a(xfuncs_printf.o)
                0x0001cf08                xvfork_parent_waits_and_exits
 .text.xmalloc_readlink
                0x0001cf54       0x64 libbb/lib.a(xreadlink.o)
                0x0001cf54                xmalloc_readlink
 .text.xmalloc_follow_symlinks
                0x0001cfb8       0xb8 libbb/lib.a(xreadlink.o)
                0x0001cfb8                xmalloc_follow_symlinks
 .text.xmalloc_readlink_or_warn
                0x0001d070       0x54 libbb/lib.a(xreadlink.o)
                0x0001d070                xmalloc_readlink_or_warn
 .text.xmalloc_realpath
                0x0001d0c4        0x8 libbb/lib.a(xreadlink.o)
                0x0001d0c4                xmalloc_realpath
 .text.bb_full_fd_action
                0x0001d0cc      0x174 libbb/lib.a(copyfd.o)
 .text.bb_copyfd_size
                0x0001d240       0x2c libbb/lib.a(copyfd.o)
                0x0001d240                bb_copyfd_size
 .text.bb_copyfd_exact_size
                0x0001d26c       0x58 libbb/lib.a(copyfd.o)
                0x0001d26c                bb_copyfd_exact_size
 .text.bb_copyfd_eof
                0x0001d2c4        0xc libbb/lib.a(copyfd.o)
                0x0001d2c4                bb_copyfd_eof
 .text.full_write
                0x0001d2d0       0x54 libbb/lib.a(full_write.o)
                0x0001d2d0                full_write
 .text.safe_read
                0x0001d324       0x44 libbb/lib.a(read.o)
                0x0001d324                safe_read
 .text.full_read
                0x0001d368       0x58 libbb/lib.a(read.o)
                0x0001d368                full_read
 .text.read_close
                0x0001d3c0       0x20 libbb/lib.a(read.o)
                0x0001d3c0                read_close
 .text.open_read_close
                0x0001d3e0       0x2c libbb/lib.a(read.o)
                0x0001d3e0                open_read_close
 .text.safe_write
                0x0001d40c       0x44 libbb/lib.a(safe_write.o)
                0x0001d40c                safe_write
 .text.record_signo
                0x0001d450       0x10 libbb/lib.a(signals.o)
                0x0001d450                record_signo
 .text.sigaction_set
                0x0001d460        0x8 libbb/lib.a(signals.o)
                0x0001d460                sigaction_set
 .text.sigprocmask_allsigs
                0x0001d468       0x24 libbb/lib.a(signals.o)
                0x0001d468                sigprocmask_allsigs
 .text.bb_signals
                0x0001d48c       0x44 libbb/lib.a(signals.o)
                0x0001d48c                bb_signals
 .text.bb_signals_recursive_norestart
                0x0001d4d0       0x5c libbb/lib.a(signals.o)
                0x0001d4d0                bb_signals_recursive_norestart
 .text.sig_block
                0x0001d52c       0x34 libbb/lib.a(signals.o)
                0x0001d52c                sig_block
 .text.sig_unblock
                0x0001d560       0x34 libbb/lib.a(signals.o)
                0x0001d560                sig_unblock
 .text.wait_for_any_sig
                0x0001d594       0x20 libbb/lib.a(signals.o)
                0x0001d594                wait_for_any_sig
 .text.kill_myself_with_sig
                0x0001d5b4       0x28 libbb/lib.a(signals.o)
                0x0001d5b4                kill_myself_with_sig
 .text.signal_SA_RESTART_empty_mask
                0x0001d5dc       0x2c libbb/lib.a(signals.o)
                0x0001d5dc                signal_SA_RESTART_empty_mask
 .text.signal_no_SA_RESTART_empty_mask
                0x0001d608       0x28 libbb/lib.a(signals.o)
                0x0001d608                signal_no_SA_RESTART_empty_mask
 .text.parse_datestr
                0x0001d630      0x46c libbb/lib.a(time.o)
                0x0001d630                parse_datestr
 .text.validate_tm_time
                0x0001da9c       0x28 libbb/lib.a(time.o)
                0x0001da9c                validate_tm_time
 .text.strftime_HHMMSS
                0x0001dac4       0x48 libbb/lib.a(time.o)
                0x0001dac4                strftime_HHMMSS
 .text.strftime_YYYYMMDDHHMMSS
                0x0001db0c       0x48 libbb/lib.a(time.o)
                0x0001db0c                strftime_YYYYMMDDHHMMSS
 .text.monotonic_us
                0x0001db54       0x30 libbb/lib.a(time.o)
                0x0001db54                monotonic_us
 .text.monotonic_ms
                0x0001db84       0x30 libbb/lib.a(time.o)
                0x0001db84                monotonic_ms
 .text.monotonic_sec
                0x0001dbb4        0x8 libbb/lib.a(time.o)
                0x0001dbb4                monotonic_sec
 .text.handle_errors.isra.0
                0x0001dbbc       0x64 libbb/lib.a(bb_strtonum.o)
 .text.bb_strtoull
                0x0001dc20       0x78 libbb/lib.a(bb_strtonum.o)
                0x0001dc20                bb_strtoull
 .text.bb_strtoll
                0x0001dc98       0x84 libbb/lib.a(bb_strtonum.o)
                0x0001dc98                bb_strtoll
 .text.bb_strtoul
                0x0001dd1c       0x74 libbb/lib.a(bb_strtonum.o)
                0x0001dd1c                bb_strtoul
 .text.bb_strtol
                0x0001dd90       0x80 libbb/lib.a(bb_strtonum.o)
                0x0001dd90                bb_strtol
 .text.get_S    0x0001de10       0xc0 libpwdgrp/lib.a(pwd_grp.o)
 .text.tokenize
                0x0001ded0       0xc4 libpwdgrp/lib.a(pwd_grp.o)
 .text.parse_common
                0x0001df94       0xec libpwdgrp/lib.a(pwd_grp.o)
 .text.parse_file
                0x0001e080       0x48 libpwdgrp/lib.a(pwd_grp.o)
 .text.convert_to_struct
                0x0001e0c8      0x16c libpwdgrp/lib.a(pwd_grp.o)
 .text.massage_data_for_r_func
                0x0001e234       0x8c libpwdgrp/lib.a(pwd_grp.o)
 .text.massage_data_for_non_r_func
                0x0001e2c0       0x78 libpwdgrp/lib.a(pwd_grp.o)
 .text.getXXnam
                0x0001e338       0x38 libpwdgrp/lib.a(pwd_grp.o)
 .text.getgrouplist_internal
                0x0001e370       0xfc libpwdgrp/lib.a(pwd_grp.o)
 .text.bb_internal_getspnam_r
                0x0001e46c       0x4c libpwdgrp/lib.a(pwd_grp.o)
                0x0001e46c                bb_internal_getspnam_r
 .text.bb_internal_getpwent
                0x0001e4b8       0x58 libpwdgrp/lib.a(pwd_grp.o)
                0x0001e4b8                bb_internal_getpwent
 .text.bb_internal_getpwnam
                0x0001e510        0x8 libpwdgrp/lib.a(pwd_grp.o)
                0x0001e510                bb_internal_getpwnam
 .text.bb_internal_getgrnam
                0x0001e518        0x8 libpwdgrp/lib.a(pwd_grp.o)
                0x0001e518                bb_internal_getgrnam
 .text.bb_internal_getpwuid
                0x0001e520       0x14 libpwdgrp/lib.a(pwd_grp.o)
                0x0001e520                bb_internal_getpwuid
 .text.bb_internal_getgrgid
                0x0001e534       0x14 libpwdgrp/lib.a(pwd_grp.o)
                0x0001e534                bb_internal_getgrgid
 .text.bb_internal_endgrent
                0x0001e548       0x38 libpwdgrp/lib.a(pwd_grp.o)
                0x0001e548                bb_internal_endgrent
 .text.bb_internal_initgroups
                0x0001e580       0x3c libpwdgrp/lib.a(pwd_grp.o)
                0x0001e580                bb_internal_initgroups
 .text.bb_internal_getgrouplist
                0x0001e5bc       0x54 libpwdgrp/lib.a(pwd_grp.o)
                0x0001e5bc                bb_internal_getgrouplist
 .text.get_uidgid
                0x0001e610      0x10c libpwdgrp/lib.a(uidgid_get.o)
                0x0001e610                get_uidgid
 .text.xget_uidgid
                0x0001e71c       0x24 libpwdgrp/lib.a(uidgid_get.o)
                0x0001e71c                xget_uidgid
 .text.parse_chown_usergroup_or_die
                0x0001e740       0xa0 libpwdgrp/lib.a(uidgid_get.o)
                0x0001e740                parse_chown_usergroup_or_die
 .text.add_remove_shell_main
                0x0001e7e0      0x14c loginutils/lib.a(add-remove-shell.o)
                0x0001e7e0                add_remove_shell_main
 .text.addgroup_main
                0x0001e92c      0x228 loginutils/lib.a(addgroup.o)
                0x0001e92c                addgroup_main
 .text.addgroup_wrapper
                0x0001eb54       0x7c loginutils/lib.a(adduser.o)
 .text.adduser_main
                0x0001ebd0      0x434 loginutils/lib.a(adduser.o)
                0x0001ebd0                adduser_main
 .text.chpasswd_main
                0x0001f004      0x198 loginutils/lib.a(chpasswd.o)
                0x0001f004                chpasswd_main
 .text.cryptpw_main
                0x0001f19c      0x13c loginutils/lib.a(cryptpw.o)
                0x0001f19c                cryptpw_main
 .text.deluser_main
                0x0001f2d8      0x1bc loginutils/lib.a(deluser.o)
                0x0001f2d8                deluser_main
 .text.sleep10  0x0001f494        0x8 loginutils/lib.a(getty.o)
 .text.bcode    0x0001f49c       0x20 loginutils/lib.a(getty.o)
 .text.set_tty_attrs
                0x0001f4bc       0x2c loginutils/lib.a(getty.o)
 .text.finalize_tty_attrs
                0x0001f4e8       0x88 loginutils/lib.a(getty.o)
 .text.alarm_handler
                0x0001f570       0x10 loginutils/lib.a(getty.o)
 .text.getty_main
                0x0001f580      0x784 loginutils/lib.a(getty.o)
                0x0001f580                getty_main
 .text.alarm_handler
                0x0001fd04       0x3c loginutils/lib.a(login.o)
 .text.login_main
                0x0001fd40      0x5a4 loginutils/lib.a(login.o)
                0x0001fd40                login_main
 .text.passwd_main
                0x000202e4      0x474 loginutils/lib.a(passwd.o)
                0x000202e4                passwd_main
 .text.su_main  0x00020758      0x244 loginutils/lib.a(su.o)
                0x00020758                su_main
 .text.sulogin_main
                0x0002099c      0x14c loginutils/lib.a(sulogin.o)
                0x0002099c                sulogin_main
 .text.acquire_vt
                0x00020ae8       0x10 loginutils/lib.a(vlock.o)
 .text.release_vt
                0x00020af8       0x20 loginutils/lib.a(vlock.o)
 .text.vlock_main
                0x00020b18      0x1c4 loginutils/lib.a(vlock.o)
                0x00020b18                vlock_main
 .text.makemime_main
                0x00020cdc      0x1b0 mailutils/lib.a(makemime.o)
                0x00020cdc                makemime_main
 .text.pop3_checkr
                0x00020e8c       0xa0 mailutils/lib.a(popmaildir.o)
 .text.popmaildir_main
                0x00020f2c      0x400 mailutils/lib.a(popmaildir.o)
                0x00020f2c                popmaildir_main
 .text.find_token
                0x0002132c       0x48 mailutils/lib.a(reformime.o)
 .text.parse    0x00021374      0x4a8 mailutils/lib.a(reformime.o)
 .text.reformime_main
                0x0002181c       0xb0 mailutils/lib.a(reformime.o)
                0x0002181c                reformime_main
 .text.smtp_checkp
                0x000218cc       0xd8 mailutils/lib.a(sendmail.o)
 .text.rcptto   0x000219a4       0x44 mailutils/lib.a(sendmail.o)
 .text.smtp_check
                0x000219e8        0xc mailutils/lib.a(sendmail.o)
 .text.sane_address
                0x000219f4       0x6c mailutils/lib.a(sendmail.o)
 .text.angle_address
                0x00021a60       0x48 mailutils/lib.a(sendmail.o)
 .text.rcptto_list
                0x00021aa8       0xa4 mailutils/lib.a(sendmail.o)
 .text.send_r_n
                0x00021b4c       0x44 mailutils/lib.a(sendmail.o)
 .text.sendmail_main
                0x00021b90      0x594 mailutils/lib.a(sendmail.o)
                0x00021b90                sendmail_main
 .text.kill_helper
                0x00022124       0x30 mailutils/lib.a(mail.o)
 .text.signal_handler
                0x00022154       0x90 mailutils/lib.a(mail.o)
 .text.launch_helper
                0x000221e4       0xf8 mailutils/lib.a(mail.o)
                0x000221e4                launch_helper
 .text.send_mail_command
                0x000222dc       0x78 mailutils/lib.a(mail.o)
                0x000222dc                send_mail_command
 .text.encode_base64
                0x00022354      0x144 mailutils/lib.a(mail.o)
                0x00022354                encode_base64
 .text.get_cred_or_die
                0x00022498       0xac mailutils/lib.a(mail.o)
                0x00022498                get_cred_or_die
 .text.adjtimex_main
                0x00022544      0x1e4 miscutils/lib.a(adjtimex.o)
                0x00022544                adjtimex_main
 .text.beep_main
                0x00022728      0x154 miscutils/lib.a(beep.o)
                0x00022728                beep_main
 .text.signal_handler
                0x0002287c       0x14 miscutils/lib.a(chat.o)
 .text.unescape
                0x00022890       0xd8 miscutils/lib.a(chat.o)
 .text.chat_main
                0x00022968      0x5a8 miscutils/lib.a(chat.o)
                0x00022968                chat_main
 .text.show_min_max
                0x00022f10       0x50 miscutils/lib.a(chrt.o)
 .text.chrt_main
                0x00022f60      0x1c4 miscutils/lib.a(chrt.o)
                0x00022f60                chrt_main
 .text.create_cdev_if_doesnt_exist
                0x00023124       0x60 miscutils/lib.a(conspy.o)
 .text.start_shell_in_child
                0x00023184       0xf4 miscutils/lib.a(conspy.o)
 .text.putcsi   0x00023278       0x30 miscutils/lib.a(conspy.o)
 .text.set_cursor
                0x000232a8       0x48 miscutils/lib.a(conspy.o)
 .text.gotoxy   0x000232f0       0x40 miscutils/lib.a(conspy.o)
 .text.screen_char
                0x00023330      0x178 miscutils/lib.a(conspy.o)
 .text.screen_dump
                0x000234a8       0xec miscutils/lib.a(conspy.o)
 .text.cleanup  0x00023594       0x68 miscutils/lib.a(conspy.o)
 .text.screen_read_close
                0x000235fc      0x12c miscutils/lib.a(conspy.o)
 .text.conspy_main
                0x00023728      0x5ec miscutils/lib.a(conspy.o)
                0x00023728                conspy_main
 .text.crondlog
                0x00023d14       0x48 miscutils/lib.a(crond.o)
 .text.log8     0x00023d5c       0x2c miscutils/lib.a(crond.o)
 .text.log5     0x00023d88       0x2c miscutils/lib.a(crond.o)
 .text.reopen_logfile_to_stderr
                0x00023db4       0x34 miscutils/lib.a(crond.o)
 .text.delete_cronfile
                0x00023de8       0xac miscutils/lib.a(crond.o)
 .text.ParseField
                0x00023e94      0x1f8 miscutils/lib.a(crond.o)
 .text.safe_setenv
                0x0002408c       0x40 miscutils/lib.a(crond.o)
 .text.fork_job
                0x000240cc      0x220 miscutils/lib.a(crond.o)
 .text.log7.constprop.0
                0x000242ec       0x30 miscutils/lib.a(crond.o)
 .text.load_crontab
                0x0002431c      0x354 miscutils/lib.a(crond.o)
 .text.rescan_crontab_dir
                0x00024670       0xb0 miscutils/lib.a(crond.o)
 .text.crond_main
                0x00024720      0x65c miscutils/lib.a(crond.o)
                0x00024720                crond_main
 .text.edit_file
                0x00024d7c       0x9c miscutils/lib.a(crontab.o)
 .text.crontab_main
                0x00024e18      0x2b8 miscutils/lib.a(crontab.o)
                0x00024e18                crontab_main
 .text.pop      0x000250d0       0x40 miscutils/lib.a(dc.o)
 .text.push     0x00025110       0x40 miscutils/lib.a(dc.o)
 .text.divide   0x00025150       0x24 miscutils/lib.a(dc.o)
 .text.mul      0x00025174       0x24 miscutils/lib.a(dc.o)
 .text.sub      0x00025198       0x24 miscutils/lib.a(dc.o)
 .text.add      0x000251bc       0x24 miscutils/lib.a(dc.o)
 .text.eor      0x000251e0       0x50 miscutils/lib.a(dc.o)
 .text.not      0x00025230       0x28 miscutils/lib.a(dc.o)
 .text.or       0x00025258       0x50 miscutils/lib.a(dc.o)
 .text.and      0x000252a8       0x50 miscutils/lib.a(dc.o)
 .text.mod      0x000252f8       0x58 miscutils/lib.a(dc.o)
 .text.stack_machine
                0x00025350       0x9c miscutils/lib.a(dc.o)
 .text.set_output_base
                0x000253ec       0x64 miscutils/lib.a(dc.o)
 .text.print_base
                0x00025450      0x114 miscutils/lib.a(dc.o)
 .text.print_stack_no_pop
                0x00025564       0x40 miscutils/lib.a(dc.o)
 .text.power    0x000255a4       0x2c miscutils/lib.a(dc.o)
 .text.print_no_pop
                0x000255d0       0x38 miscutils/lib.a(dc.o)
 .text.dc_main  0x00025608       0x78 miscutils/lib.a(dc.o)
                0x00025608                dc_main
 .text.devmem_main
                0x00025680      0x210 miscutils/lib.a(devmem.o)
                0x00025680                devmem_main
 .text.eject_main
                0x00025890      0x1b0 miscutils/lib.a(eject.o)
                0x00025890                eject_main
 .text.fb_pixel_value
                0x00025a40       0x7c miscutils/lib.a(fbsplash.o)
 .text.fb_write_pixel
                0x00025abc       0x54 miscutils/lib.a(fbsplash.o)
 .text.fb_drawfullrectangle
                0x00025b10       0x84 miscutils/lib.a(fbsplash.o)
 .text.fb_drawprogressbar
                0x00025b94      0x1ec miscutils/lib.a(fbsplash.o)
 .text.fb_setpal
                0x00025d80       0xa0 miscutils/lib.a(fbsplash.o)
 .text.fbsplash_main
                0x00025e20      0x4bc miscutils/lib.a(fbsplash.o)
                0x00025e20                fbsplash_main
 .text.parse_opts
                0x000262dc       0x34 miscutils/lib.a(hdparm.o)
 .text.parse_opts_0_1
                0x00026310        0xc miscutils/lib.a(hdparm.o)
 .text.parse_opts_0_INTMAX
                0x0002631c        0xc miscutils/lib.a(hdparm.o)
 .text.translate_xfermode
                0x00026328       0x88 miscutils/lib.a(hdparm.o)
 .text.read_big_block
                0x000263b0       0x38 miscutils/lib.a(hdparm.o)
 .text.xprint_ascii
                0x000263e8       0x98 miscutils/lib.a(hdparm.o)
 .text.mode_loop
                0x00026480       0x8c miscutils/lib.a(hdparm.o)
 .text.print_flag
                0x0002650c       0x14 miscutils/lib.a(hdparm.o)
 .text.on_off   0x00026520       0x20 miscutils/lib.a(hdparm.o)
 .text.print_flag_on_off
                0x00026540       0x28 miscutils/lib.a(hdparm.o)
 .text.print_value_on_off
                0x00026568       0x2c miscutils/lib.a(hdparm.o)
 .text.bus_state_value
                0x00026594       0x44 miscutils/lib.a(hdparm.o)
 .text.identify_from_stdin
                0x000265d8       0x90 miscutils/lib.a(hdparm.o)
 .text.dump_identity
                0x00026668      0x4b0 miscutils/lib.a(hdparm.o)
 .text.seek_to_zero
                0x00026b18       0x24 miscutils/lib.a(hdparm.o)
 .text.flush_buffer_cache
                0x00026b3c       0x6c miscutils/lib.a(hdparm.o)
 .text.do_time  0x00026ba8      0x1d0 miscutils/lib.a(hdparm.o)
 .text.ioctl_alt_func.constprop.0
                0x00026d78       0x44 miscutils/lib.a(hdparm.o)
 .text.process_dev
                0x00026dbc      0xdcc miscutils/lib.a(hdparm.o)
 .text.hdparm_main
                0x00027b88      0x4fc miscutils/lib.a(hdparm.o)
                0x00027b88                hdparm_main
 .text.i2c_bus_lookup
                0x00028084       0x14 miscutils/lib.a(i2c_tools.o)
 .text.i2c_dev_open
                0x00028098       0x6c miscutils/lib.a(i2c_tools.o)
 .text.check_funcs_test_end
                0x00028104       0x3c miscutils/lib.a(i2c_tools.o)
 .text.check_read_funcs
                0x00028140       0xf4 miscutils/lib.a(i2c_tools.o)
 .text.i2c_set_slave_addr
                0x00028234       0x34 miscutils/lib.a(i2c_tools.o)
 .text.confirm_or_abort
                0x00028268       0x38 miscutils/lib.a(i2c_tools.o)
 .text.confirm_action
                0x000282a0       0x8c miscutils/lib.a(i2c_tools.o)
 .text.i2c_smbus_access
                0x0002832c       0x2c miscutils/lib.a(i2c_tools.o)
 .text.i2c_smbus_read_byte
                0x00028358       0x30 miscutils/lib.a(i2c_tools.o)
 .text.i2c_smbus_read_word_data
                0x00028388       0x30 miscutils/lib.a(i2c_tools.o)
 .text.i2c_smbus_read_byte_data
                0x000283b8       0x30 miscutils/lib.a(i2c_tools.o)
 .text.list_i2c_busses_and_exit
                0x000283e8      0x238 miscutils/lib.a(i2c_tools.o)
 .text.i2cget_main
                0x00028620      0x210 miscutils/lib.a(i2c_tools.o)
                0x00028620                i2cget_main
 .text.i2cset_main
                0x00028830      0x5f8 miscutils/lib.a(i2c_tools.o)
                0x00028830                i2cset_main
 .text.i2cdump_main
                0x00028e28      0x704 miscutils/lib.a(i2c_tools.o)
                0x00028e28                i2cdump_main
 .text.i2cdetect_main
                0x0002952c      0x350 miscutils/lib.a(i2c_tools.o)
                0x0002952c                i2cdetect_main
 .text.ionice_main
                0x0002987c      0x14c miscutils/lib.a(ionice.o)
                0x0002987c                ionice_main
 .text.show_entry
                0x000299c8      0x15c miscutils/lib.a(last_fancy.o)
 .text.last_main
                0x00029b24      0x348 miscutils/lib.a(last_fancy.o)
                0x00029b24                last_main
 .text.at_end   0x00029e6c       0x7c miscutils/lib.a(less.o)
 .text.safe_lineno
                0x00029ee8       0x34 miscutils/lib.a(less.o)
 .text.opp_bracket
                0x00029f1c       0x60 miscutils/lib.a(less.o)
 .text.sigwinch_handler
                0x00029f7c       0x1c miscutils/lib.a(less.o)
 .text.set_tty_cooked
                0x00029f98       0x28 miscutils/lib.a(less.o)
 .text.clear_line
                0x00029fc0       0x20 miscutils/lib.a(less.o)
 .text.less_exit
                0x00029fe0       0x48 miscutils/lib.a(less.o)
 .text.sig_catcher
                0x0002a028        0xc miscutils/lib.a(less.o)
 .text.print_statusline
                0x0002a034       0x34 miscutils/lib.a(less.o)
 .text.fill_match_lines
                0x0002a068       0xb0 miscutils/lib.a(less.o)
 .text.read_lines
                0x0002a118      0x37c miscutils/lib.a(less.o)
 .text.goto_lineno
                0x0002a494       0xa8 miscutils/lib.a(less.o)
 .text.cap_cur_fline
                0x0002a53c       0xa0 miscutils/lib.a(less.o)
 .text.re_wrap  0x0002a5dc      0x1e8 miscutils/lib.a(less.o)
 .text.update_num_lines
                0x0002a7c4      0x104 miscutils/lib.a(less.o)
 .text.m_status_print
                0x0002a8c8      0x144 miscutils/lib.a(less.o)
 .text.status_print
                0x0002aa0c       0xa0 miscutils/lib.a(less.o)
 .text.buffer_print
                0x0002aaac      0x364 miscutils/lib.a(less.o)
 .text.buffer_fill_and_print
                0x0002ae10       0xe8 miscutils/lib.a(less.o)
 .text.reinitialize
                0x0002aef8       0xe0 miscutils/lib.a(less.o)
 .text.change_file
                0x0002afd8       0x88 miscutils/lib.a(less.o)
 .text.buffer_down
                0x0002b060       0x60 miscutils/lib.a(less.o)
 .text.buffer_up
                0x0002b0c0       0x64 miscutils/lib.a(less.o)
 .text.buffer_to_line
                0x0002b124       0x40 miscutils/lib.a(less.o)
 .text.goto_match
                0x0002b164       0x80 miscutils/lib.a(less.o)
 .text.getch_nowait
                0x0002b1e4      0x138 miscutils/lib.a(less.o)
 .text.less_getch
                0x0002b31c       0x50 miscutils/lib.a(less.o)
 .text.less_gets
                0x0002b36c       0xd4 miscutils/lib.a(less.o)
 .text.examine_file
                0x0002b440       0x8c miscutils/lib.a(less.o)
 .text.regex_process
                0x0002b4cc      0x12c miscutils/lib.a(less.o)
 .text.less_main
                0x0002b5f8      0xbb8 miscutils/lib.a(less.o)
                0x0002b5f8                less_main
 .text.makedevs_main
                0x0002c1b0      0x458 miscutils/lib.a(makedevs.o)
                0x0002c1b0                makedevs_main
 .text.if_redefined
                0x0002c608       0x58 miscutils/lib.a(man.o)
 .text.add_MANPATH
                0x0002c660       0xc0 miscutils/lib.a(man.o)
 .text.run_pipe
                0x0002c720      0x1d4 miscutils/lib.a(man.o)
 .text.show_manpage
                0x0002c8f4       0xdc miscutils/lib.a(man.o)
 .text.man_main
                0x0002c9d0      0x3d4 miscutils/lib.a(man.o)
                0x0002c9d0                man_main
 .text.microcom_main
                0x0002cda4      0x350 miscutils/lib.a(microcom.o)
                0x0002cda4                microcom_main
 .text.mountpoint_main
                0x0002d0f4      0x214 miscutils/lib.a(mountpoint.o)
                0x0002d0f4                mountpoint_main
 .text.mt_main  0x0002d308      0x130 miscutils/lib.a(mt.o)
                0x0002d308                mt_main
 .text.next_good_eraseblock
                0x0002d438       0xb4 miscutils/lib.a(nandwrite.o)
 .text.dump_bad
                0x0002d4ec       0x88 miscutils/lib.a(nandwrite.o)
 .text.nandwrite_main
                0x0002d574      0x4f4 miscutils/lib.a(nandwrite.o)
                0x0002d574                nandwrite_main
 .text.raidautorun_main
                0x0002da68       0x30 miscutils/lib.a(raidautorun.o)
                0x0002da68                raidautorun_main
 .text.readahead_main
                0x0002da98       0xa8 miscutils/lib.a(readahead.o)
                0x0002da98                readahead_main
 .text.runlevel_main
                0x0002db40       0x7c miscutils/lib.a(runlevel.o)
                0x0002db40                runlevel_main
 .text.sigalrm_handler
                0x0002dbbc        0x4 miscutils/lib.a(rx.o)
 .text.read_byte
                0x0002dbc0       0x38 miscutils/lib.a(rx.o)
 .text.rx_main  0x0002dbf8      0x408 miscutils/lib.a(rx.o)
                0x0002dbf8                rx_main
 .text.index_in_strings_case_insensitive
                0x0002e000       0x54 miscutils/lib.a(setserial.o)
 .text.get_numeric
                0x0002e054        0xc miscutils/lib.a(setserial.o)
 .text.serial_ctl
                0x0002e060       0xb0 miscutils/lib.a(setserial.o)
 .text.setserial_main
                0x0002e110      0x5f0 miscutils/lib.a(setserial.o)
                0x0002e110                setserial_main
 .text.setsid_main
                0x0002e700       0x84 miscutils/lib.a(setsid.o)
                0x0002e700                setsid_main
 .text.strings_main
                0x0002e784      0x214 miscutils/lib.a(strings.o)
                0x0002e784                strings_main
 .text.ptok     0x0002e998       0x20 miscutils/lib.a(time.o)
 .text.run_command
                0x0002e9b8       0xe8 miscutils/lib.a(time.o)
 .text.time_main
                0x0002eaa0      0x528 miscutils/lib.a(time.o)
                0x0002eaa0                time_main
 .text.timeout_main
                0x0002efc8      0x158 miscutils/lib.a(timeout.o)
                0x0002efc8                timeout_main
 .text.ttysize_main
                0x0002f120       0xa0 miscutils/lib.a(ttysize.o)
                0x0002f120                ttysize_main
 .text.get_num_from_file
                0x0002f1c0       0x78 miscutils/lib.a(ubi_tools.o)
 .text.ubi_tools_main
                0x0002f238      0x4e4 miscutils/lib.a(ubi_tools.o)
                0x0002f238                ubi_tools_main
 .text.ubirename_main
                0x0002f71c       0xfc miscutils/lib.a(ubirename.o)
                0x0002f71c                ubirename_main
 .text.volname_main
                0x0002f818       0x78 miscutils/lib.a(volname.o)
                0x0002f818                volname_main
 .text.wall_main
                0x0002f890       0x8c miscutils/lib.a(wall.o)
                0x0002f890                wall_main
 .text.watchdog_shutdown
                0x0002f91c       0x40 miscutils/lib.a(watchdog.o)
 .text.watchdog_main
                0x0002f95c      0x140 miscutils/lib.a(watchdog.o)
                0x0002f95c                watchdog_main
 .text.parse_module
                0x0002fa9c      0x18c modutils/lib.a(depmod.o)
 .text.order_dep_list
                0x0002fc28       0x74 modutils/lib.a(depmod.o)
 .text.xfreopen_write
                0x0002fc9c       0x30 modutils/lib.a(depmod.o)
 .text.depmod_main
                0x0002fccc      0x2c4 modutils/lib.a(depmod.o)
                0x0002fccc                depmod_main
 .text.insmod_main
                0x0002ff90       0x54 modutils/lib.a(insmod.o)
                0x0002ff90                insmod_main
 .text.lsmod_main
                0x0002ffe4      0x148 modutils/lib.a(lsmod.o)
                0x0002ffe4                lsmod_main
 .text.display  0x0003012c       0x74 modutils/lib.a(modinfo.o)
 .text.modinfo  0x000301a0      0x19c modutils/lib.a(modinfo.o)
 .text.modinfo_main
                0x0003033c      0x18c modutils/lib.a(modinfo.o)
                0x0003033c                modinfo_main
 .text.read_config
                0x000304c8       0x28 modutils/lib.a(modprobe.o)
 .text.gather_options_str
                0x000304f0       0x64 modutils/lib.a(modprobe.o)
 .text.load_modules_dep
                0x00030554      0x12c modutils/lib.a(modprobe.o)
 .text.get_or_add_modentry
                0x00030680       0x18 modutils/lib.a(modprobe.o)
 .text.add_probe
                0x00030698       0x80 modutils/lib.a(modprobe.o)
 .text.config_file_action
                0x00030718      0x210 modutils/lib.a(modprobe.o)
 .text.do_modprobe
                0x00030928      0x300 modutils/lib.a(modprobe.o)
 .text.modprobe_main
                0x00030c28      0x34c modutils/lib.a(modprobe.o)
                0x00030c28                modprobe_main
 .text.replace  0x00030f74       0x20 modutils/lib.a(modutils.o)
                0x00030f74                replace
 .text.string_to_llist
                0x00030f94       0x64 modutils/lib.a(modutils.o)
                0x00030f94                string_to_llist
 .text.filename2modname
                0x00030ff8       0x74 modutils/lib.a(modutils.o)
                0x00030ff8                filename2modname
 .text.helper_get_module
                0x0003106c       0xa8 modutils/lib.a(modutils.o)
 .text.moddb_get
                0x00031114        0x8 modutils/lib.a(modutils.o)
                0x00031114                moddb_get
 .text.moddb_get_or_create
                0x0003111c        0x8 modutils/lib.a(modutils.o)
                0x0003111c                moddb_get_or_create
 .text.parse_cmdline_module_options
                0x00031124       0xc4 modutils/lib.a(modutils.o)
                0x00031124                parse_cmdline_module_options
 .text.bb_init_module
                0x000311e8       0x80 modutils/lib.a(modutils.o)
                0x000311e8                bb_init_module
 .text.bb_delete_module
                0x00031268       0x30 modutils/lib.a(modutils.o)
                0x00031268                bb_delete_module
 .text.moderror
                0x00031298       0x74 modutils/lib.a(modutils.o)
                0x00031298                moderror
 .text.rmmod_main
                0x0003130c       0xc8 modutils/lib.a(rmmod.o)
                0x0003130c                rmmod_main
 .text.arp_show
                0x000313d4      0x2dc networking/lib.a(arp.o)
 .text.arp_main
                0x000316b0      0x5ec networking/lib.a(arp.o)
                0x000316b0                arp_main
 .text.finish   0x00031c9c       0x94 networking/lib.a(arping.o)
 .text.catcher  0x00031d30      0x178 networking/lib.a(arping.o)
 .text.arping_main
                0x00031ea8      0x764 networking/lib.a(arping.o)
                0x00031ea8                arping_main
 .text.undot    0x0003260c       0x3c networking/lib.a(dnsd.o)
 .text.dnsd_main
                0x00032648      0x59c networking/lib.a(dnsd.o)
                0x00032648                dnsd_main
 .text.ether_wake_main
                0x00032be4      0x2bc networking/lib.a(ether-wake.o)
                0x00032be4                ether_wake_main
 .text.verbose_log
                0x00032ea0       0x2c networking/lib.a(ftpd.o)
 .text.cmdio_get_cmd_and_arg
                0x00032ecc      0x15c networking/lib.a(ftpd.o)
 .text.cmdio_write_ok
                0x00033028       0x38 networking/lib.a(ftpd.o)
 .text.cmdio_write_error
                0x00033060       0x38 networking/lib.a(ftpd.o)
 .text.escape_text
                0x00033098       0x9c networking/lib.a(ftpd.o)
 .text.cmdio_write
                0x00033134       0x88 networking/lib.a(ftpd.o)
 .text.handle_cwd
                0x000331bc       0x4c networking/lib.a(ftpd.o)
 .text.port_pasv_cleanup
                0x00033208       0x50 networking/lib.a(ftpd.o)
 .text.get_remote_transfer_fd
                0x00033258       0x78 networking/lib.a(ftpd.o)
 .text.bind_for_passive_mode
                0x000332d0       0x88 networking/lib.a(ftpd.o)
 .text.cmdio_write_raw
                0x00033358       0x34 networking/lib.a(ftpd.o)
 .text.timeout_handler
                0x0003338c       0x94 networking/lib.a(ftpd.o)
 .text.port_or_pasv_was_seen
                0x00033420       0x48 networking/lib.a(ftpd.o)
 .text.handle_upload_common
                0x00033468      0x1b4 networking/lib.a(ftpd.o)
 .text.handle_dir_common
                0x0003361c      0x1bc networking/lib.a(ftpd.o)
 .text.ftpd_main
                0x000337d8      0xacc networking/lib.a(ftpd.o)
                0x000337d8                ftpd_main
 .text.ftp_die  0x000342a4       0x58 networking/lib.a(ftpgetput.o)
 .text.ftpcmd   0x000342fc       0xd4 networking/lib.a(ftpgetput.o)
 .text.xconnect_ftpdata
                0x000343d0       0xac networking/lib.a(ftpgetput.o)
 .text.pump_data_and_QUIT
                0x0003447c       0x70 networking/lib.a(ftpgetput.o)
 .text.ftp_receive
                0x000344ec      0x17c networking/lib.a(ftpgetput.o)
 .text.ftp_send
                0x00034668       0x74 networking/lib.a(ftpgetput.o)
 .text.ftpgetput_main
                0x000346dc      0x1cc networking/lib.a(ftpgetput.o)
                0x000346dc                ftpgetput_main
 .text.do_sethostname
                0x000348a8       0x8c networking/lib.a(hostname.o)
 .text.hostname_main
                0x00034934      0x168 networking/lib.a(hostname.o)
                0x00034934                hostname_main
 .text.scan_ip  0x00034a9c       0xd4 networking/lib.a(httpd.o)
 .text.checkPermIP
                0x00034b70       0x5c networking/lib.a(httpd.o)
 .text.free_llist
                0x00034bcc       0x2c networking/lib.a(httpd.o)
 .text.parse_conf
                0x00034bf8      0x5c0 networking/lib.a(httpd.o)
 .text.sighup_handler
                0x000351b8       0x10 networking/lib.a(httpd.o)
 .text.get_line
                0x000351c8       0xa8 networking/lib.a(httpd.o)
 .text.check_user_passwd
                0x00035270      0x210 networking/lib.a(httpd.o)
 .text.log_and_exit
                0x00035480       0x44 networking/lib.a(httpd.o)
 .text.cgi_io_loop_and_exit
                0x000354c4      0x268 networking/lib.a(httpd.o)
 .text.setenv1  0x0003572c       0x18 networking/lib.a(httpd.o)
 .text.send_file_and_exit
                0x00035744      0x364 networking/lib.a(httpd.o)
 .text.send_headers
                0x00035aa8      0x33c networking/lib.a(httpd.o)
 .text.send_headers_and_exit
                0x00035de4       0x20 networking/lib.a(httpd.o)
 .text.send_REQUEST_TIMEOUT_and_exit
                0x00035e04        0xc networking/lib.a(httpd.o)
 .text.send_cgi_and_exit
                0x00035e10      0x42c networking/lib.a(httpd.o)
 .text.handle_incoming_and_exit
                0x0003623c      0xae4 networking/lib.a(httpd.o)
 .text.httpd_main
                0x00036d20      0x380 networking/lib.a(httpd.o)
                0x00036d20                httpd_main
 .text.ifconfig_main
                0x000370a0      0x4f0 networking/lib.a(ifconfig.o)
                0x000370a0                ifconfig_main
 .text.set_ifrname_and_do_ioctl
                0x00037590       0x2c networking/lib.a(ifenslave.o)
 .text.set_if_down
                0x000375bc       0x48 networking/lib.a(ifenslave.o)
 .text.get_if_settings
                0x00037604       0x48 networking/lib.a(ifenslave.o)
 .text.get_drv_info
                0x0003764c       0xd8 networking/lib.a(ifenslave.o)
 .text.set_hwaddr
                0x00037724       0x4c networking/lib.a(ifenslave.o)
 .text.enslave  0x00037770      0x2fc networking/lib.a(ifenslave.o)
 .text.ifenslave_main
                0x00037a6c      0x31c networking/lib.a(ifenslave.o)
                0x00037a6c                ifenslave_main
 .text.read_pid
                0x00037d88       0x44 networking/lib.a(ifplugd.o)
 .text.set_ifreq_to_ifname
                0x00037dcc       0x24 networking/lib.a(ifplugd.o)
 .text.network_ioctl
                0x00037df0       0x44 networking/lib.a(ifplugd.o)
 .text.detect_link_iff
                0x00037e34       0x60 networking/lib.a(ifplugd.o)
 .text.detect_link_wlan
                0x00037e94       0xbc networking/lib.a(ifplugd.o)
 .text.detect_link_priv
                0x00037f50       0x68 networking/lib.a(ifplugd.o)
 .text.detect_link_mii
                0x00037fb8       0x68 networking/lib.a(ifplugd.o)
 .text.detect_link_ethtool
                0x00038020       0x54 networking/lib.a(ifplugd.o)
 .text.check_existence_through_netlink
                0x00038074      0x184 networking/lib.a(ifplugd.o)
 .text.up_iface
                0x000381f8       0xb0 networking/lib.a(ifplugd.o)
 .text.maybe_up_new_iface
                0x000382a8       0x40 networking/lib.a(ifplugd.o)
 .text.detect_link
                0x000382e8      0x12c networking/lib.a(ifplugd.o)
 .text.run_script
                0x00038414      0x11c networking/lib.a(ifplugd.o)
 .text.ifplugd_main
                0x00038530      0x54c networking/lib.a(ifplugd.o)
                0x00038530                ifplugd_main
 .text.link_up_down
                0x00038a7c        0x8 networking/lib.a(ifupdown.o)
 .text.check    0x00038a84        0xc networking/lib.a(ifupdown.o)
 .text.doit     0x00038a90       0xb0 networking/lib.a(ifupdown.o)
 .text.execute_all
                0x00038b40       0x6c networking/lib.a(ifupdown.o)
 .text.setlocalenv
                0x00038bac       0x80 networking/lib.a(ifupdown.o)
 .text.set_environ
                0x00038c2c      0x180 networking/lib.a(ifupdown.o)
 .text.iface_down
                0x00038dac       0xb0 networking/lib.a(ifupdown.o)
 .text.iface_up
                0x00038e5c       0xb0 networking/lib.a(ifupdown.o)
 .text.next_word
                0x00038f0c       0x5c networking/lib.a(ifupdown.o)
 .text.find_iface_state
                0x00038f68       0x44 networking/lib.a(ifupdown.o)
 .text.strncmpz
                0x00038fac       0x20 networking/lib.a(ifupdown.o)
 .text.get_var  0x00038fcc       0x94 networking/lib.a(ifupdown.o)
 .text.addstr   0x00039060       0x58 networking/lib.a(ifupdown.o)
 .text.execute  0x000390b8      0x2b8 networking/lib.a(ifupdown.o)
 .text.loopback_up6
                0x00039370       0x48 networking/lib.a(ifupdown.o)
 .text.static_down6
                0x000393b8       0x14 networking/lib.a(ifupdown.o)
 .text.loopback_down6
                0x000393cc        0x4 networking/lib.a(ifupdown.o)
 .text.static_up6
                0x000393d0       0x60 networking/lib.a(ifupdown.o)
 .text.v4tunnel_down
                0x00039430       0x14 networking/lib.a(ifupdown.o)
 .text.v4tunnel_up
                0x00039444       0x78 networking/lib.a(ifupdown.o)
 .text.loopback_down
                0x000394bc       0x48 networking/lib.a(ifupdown.o)
 .text.loopback_up
                0x00039504       0x48 networking/lib.a(ifupdown.o)
 .text.dhcp_up  0x0003954c       0x40 networking/lib.a(ifupdown.o)
 .text.bootp_up
                0x0003958c       0x14 networking/lib.a(ifupdown.o)
 .text.static_down
                0x000395a0       0x48 networking/lib.a(ifupdown.o)
 .text.static_up
                0x000395e8       0x60 networking/lib.a(ifupdown.o)
 .text.ppp_down
                0x00039648       0x14 networking/lib.a(ifupdown.o)
 .text.ppp_up   0x0003965c       0x14 networking/lib.a(ifupdown.o)
 .text.wvdial_down
                0x00039670       0x14 networking/lib.a(ifupdown.o)
 .text.wvdial_up
                0x00039684       0x14 networking/lib.a(ifupdown.o)
 .text.dhcp_down
                0x00039698       0x4c networking/lib.a(ifupdown.o)
 .text.popen2   0x000396e4       0xb8 networking/lib.a(ifupdown.o)
 .text.read_iface_state
                0x0003979c       0x6c networking/lib.a(ifupdown.o)
 .text.read_interfaces
                0x00039808      0x52c networking/lib.a(ifupdown.o)
 .text.manual_up_down6
                0x00039d34        0x8 networking/lib.a(ifupdown.o)
 .text.manual_up_down
                0x00039d3c        0x8 networking/lib.a(ifupdown.o)
 .text.ifupdown_main
                0x00039d44      0x584 networking/lib.a(ifupdown.o)
                0x00039d44                ifupdown_main
 .text.remove_fd_from_set
                0x0003a2c8       0x44 networking/lib.a(inetd.o)
 .text.init_ring
                0x0003a30c       0x34 networking/lib.a(inetd.o)
 .text.discard_dg
                0x0003a340       0x14 networking/lib.a(inetd.o)
 .text.maybe_close
                0x0003a354        0xc networking/lib.a(inetd.o)
 .text.free_servtab_strings
                0x0003a360       0x5c networking/lib.a(inetd.o)
 .text.bump_nofile
                0x0003a3bc       0xb8 networking/lib.a(inetd.o)
 .text.add_fd_to_set
                0x0003a474       0x70 networking/lib.a(inetd.o)
 .text.unregister_rpc
                0x0003a4e4       0x50 networking/lib.a(inetd.o)
 .text.clean_up_and_exit
                0x0003a534       0x8c networking/lib.a(inetd.o)
 .text.reap_child
                0x0003a5c0       0xb8 networking/lib.a(inetd.o)
 .text.register_rpc
                0x0003a678       0xbc networking/lib.a(inetd.o)
 .text.daytime_dg
                0x0003a734       0xac networking/lib.a(inetd.o)
 .text.daytime_stream
                0x0003a7e0       0x34 networking/lib.a(inetd.o)
 .text.machtime
                0x0003a814       0x2c networking/lib.a(inetd.o)
 .text.machtime_dg
                0x0003a840       0x80 networking/lib.a(inetd.o)
 .text.machtime_stream
                0x0003a8c0       0x28 networking/lib.a(inetd.o)
 .text.chargen_dg
                0x0003a8e8      0x108 networking/lib.a(inetd.o)
 .text.chargen_stream
                0x0003a9f0       0xa4 networking/lib.a(inetd.o)
 .text.discard_stream
                0x0003aa94       0x2c networking/lib.a(inetd.o)
 .text.echo_stream
                0x0003aac0       0x38 networking/lib.a(inetd.o)
 .text.echo_dg  0x0003aaf8       0x8c networking/lib.a(inetd.o)
 .text.xzalloc_lsa
                0x0003ab84       0x34 networking/lib.a(inetd.o)
 .text.block_CHLD_HUP_ALRM
                0x0003abb8       0x48 networking/lib.a(inetd.o)
 .text.restore_sigmask
                0x0003ac00       0x10 networking/lib.a(inetd.o)
 .text.rearm_alarm
                0x0003ac10       0x30 networking/lib.a(inetd.o)
 .text.prepare_socket_fd
                0x0003ac40      0x160 networking/lib.a(inetd.o)
 .text.retry_network_setup
                0x0003ada0       0x80 networking/lib.a(inetd.o)
 .text.parse_one_line
                0x0003ae20      0x560 networking/lib.a(inetd.o)
 .text.reread_config_file
                0x0003b380      0x4bc networking/lib.a(inetd.o)
 .text.inetd_main
                0x0003b83c      0x928 networking/lib.a(inetd.o)
                0x0003b83c                inetd_main
 .text.UNSPEC_print
                0x0003c164       0x54 networking/lib.a(interface.o)
 .text.UNSPEC_sprint
                0x0003c1b8       0x2c networking/lib.a(interface.o)
 .text.INET6_input
                0x0003c1e4        0x4 networking/lib.a(interface.o)
 .text.INET6_sprint
                0x0003c1e8       0x34 networking/lib.a(interface.o)
 .text.INET_input
                0x0003c21c        0x8 networking/lib.a(interface.o)
 .text.INET_sprint
                0x0003c224       0x38 networking/lib.a(interface.o)
 .text.ether_print
                0x0003c25c       0x40 networking/lib.a(interface.o)
 .text.in_ib    0x0003c29c       0x28 networking/lib.a(interface.o)
                0x0003c29c                in_ib
 .text.add_interface
                0x0003c2c4       0x90 networking/lib.a(interface.o)
 .text.if_readconf
                0x0003c354       0xd0 networking/lib.a(interface.o)
 .text.if_readlist_proc
                0x0003c424      0x274 networking/lib.a(interface.o)
 .text.do_if_fetch
                0x0003c698      0x2a0 networking/lib.a(interface.o)
 .text.print_bytes_scaled
                0x0003c938       0x88 networking/lib.a(interface.o)
 .text.get_aftype
                0x0003c9c0       0x38 networking/lib.a(interface.o)
                0x0003c9c0                get_aftype
 .text.get_hwtype
                0x0003c9f8       0x38 networking/lib.a(interface.o)
                0x0003c9f8                get_hwtype
 .text.get_hwntype
                0x0003ca30       0x28 networking/lib.a(interface.o)
                0x0003ca30                get_hwntype
 .text.ife_print
                0x0003ca58      0x5c0 networking/lib.a(interface.o)
 .text.display_interfaces
                0x0003d018       0xdc networking/lib.a(interface.o)
                0x0003d018                display_interfaces
 .text.ip_do    0x0003d0f4       0x1c networking/lib.a(ip.o)
 .text.ip_print_help
                0x0003d110        0x8 networking/lib.a(ip.o)
 .text.ipaddr_main
                0x0003d118        0xc networking/lib.a(ip.o)
                0x0003d118                ipaddr_main
 .text.iplink_main
                0x0003d124        0xc networking/lib.a(ip.o)
                0x0003d124                iplink_main
 .text.iproute_main
                0x0003d130        0xc networking/lib.a(ip.o)
                0x0003d130                iproute_main
 .text.iprule_main
                0x0003d13c        0xc networking/lib.a(ip.o)
                0x0003d13c                iprule_main
 .text.iptunnel_main
                0x0003d148        0xc networking/lib.a(ip.o)
                0x0003d148                iptunnel_main
 .text.ipneigh_main
                0x0003d154        0xc networking/lib.a(ip.o)
                0x0003d154                ipneigh_main
 .text.ip_main  0x0003d160       0x4c networking/lib.a(ip.o)
                0x0003d160                ip_main
 .text.ipcalc_main
                0x0003d1ac      0x2a8 networking/lib.a(ipcalc.o)
                0x0003d1ac                ipcalc_main
 .text.do_timeout
                0x0003d454        0x8 networking/lib.a(isrv_identd.o)
 .text.do_rd    0x0003d45c       0xc8 networking/lib.a(isrv_identd.o)
 .text.new_peer
                0x0003d524       0x60 networking/lib.a(isrv_identd.o)
 .text.fakeidentd_main
                0x0003d584      0x15c networking/lib.a(isrv_identd.o)
                0x0003d584                fakeidentd_main
 .text.prepend_new_eth_table
                0x0003d6e0      0x1ac networking/lib.a(nameif.o)
 .text.nameif_main
                0x0003d88c      0x310 networking/lib.a(nameif.o)
                0x0003d88c                nameif_main
 .text.nbdclient_main
                0x0003db9c      0x1fc networking/lib.a(nbd-client.o)
                0x0003db9c                nbdclient_main
 .text.timeout  0x0003dd98       0x10 networking/lib.a(nc.o)
 .text.nc_main  0x0003dda8      0x48c networking/lib.a(nc.o)
                0x0003dda8                nc_main
 .text.unix_do_one
                0x0003e234      0x2a8 networking/lib.a(netstat.o)
 .text.build_ipv6_addr
                0x0003e4dc       0x64 networking/lib.a(netstat.o)
 .text.ip_port_str
                0x0003e540       0x8c networking/lib.a(netstat.o)
 .text.dir_act  0x0003e5cc       0xe8 networking/lib.a(netstat.o)
 .text.add_to_prg_cache_if_socket
                0x0003e6b4      0x124 networking/lib.a(netstat.o)
 .text.do_info  0x0003e7d8       0x80 networking/lib.a(netstat.o)
 .text.scan_inet_proc_line
                0x0003e858       0xd0 networking/lib.a(netstat.o)
 .text.print_inet_line
                0x0003e928      0x128 networking/lib.a(netstat.o)
 .text.raw_do_one
                0x0003ea50       0x98 networking/lib.a(netstat.o)
 .text.udp_do_one
                0x0003eae8       0xc8 networking/lib.a(netstat.o)
 .text.tcp_do_one
                0x0003ebb0       0x64 networking/lib.a(netstat.o)
 .text.netstat_main
                0x0003ec14      0x29c networking/lib.a(netstat.o)
                0x0003ec14                netstat_main
 .text.set_default_dns
                0x0003eeb0       0x60 networking/lib.a(nslookup.o)
 .text.print_host
                0x0003ef10       0xe8 networking/lib.a(nslookup.o)
 .text.nslookup_main
                0x0003eff8       0x8c networking/lib.a(nslookup.o)
                0x0003eff8                nslookup_main
 .text.my_SQRT  0x0003f084       0x3c networking/lib.a(ntpd.o)
 .text.reset_peer_stats
                0x0003f0c0       0x98 networking/lib.a(ntpd.o)
 .text.clamp_pollexp_and_set_MAXSTRAT
                0x0003f158       0x40 networking/lib.a(ntpd.o)
 .text.compare_point_edge
                0x0003f198       0x28 networking/lib.a(ntpd.o)
 .text.compare_survivor_metric
                0x0003f1c0       0x28 networking/lib.a(ntpd.o)
 .text.adjust_poll
                0x0003f1e8       0xb8 networking/lib.a(ntpd.o)
 .text.poll_interval
                0x0003f2a0       0x3c networking/lib.a(ntpd.o)