Archive member included to satisfy reference by file (symbol)

arch/arm/cpu/hi3518ev200/libhi3518ev200.a(uart.o)
                              arch/arm/cpu/hi3518ev200/start.o (uart_early_init)
arch/arm/cpu/hi3518ev200/libhi3518ev200.a(lowlevel_init_v300.o)
                              arch/arm/cpu/hi3518ev200/start.o (start_ddr_training)
arch/arm/cpu/hi3518ev200/libhi3518ev200.a(emmc_boot.o)
                              arch/arm/cpu/hi3518ev200/start.o (emmc_boot_read)
arch/arm/cpu/hi3518ev200/libhi3518ev200.a(chip.o)
                              arch/arm/cpu/hi3518ev200/libhi3518ev200.a(lowlevel_init_v300.o) (reset_cpu)
arch/arm/lib/libarm.a(board.o)
                              arch/arm/cpu/hi3518ev200/start.o (start_armboot)
arch/arm/lib/libarm.a(interrupts.o)
                              arch/arm/lib/libarm.a(board.o) (enable_interrupts)
arch/arm/lib/libarm.a(memset.o)
                              arch/arm/lib/libarm.a(board.o) (memset)
arch/arm/lib/libarm.a(memcpy.o)
                              arch/arm/lib/libarm.a(interrupts.o) (memcpy)
net/libnet.a(eth.o)           arch/arm/lib/libarm.a(board.o) (eth_initialize)
net/libnet.a(net.o)           arch/arm/lib/libarm.a(board.o) (copy_filename)
net/libnet.a(rarp.o)          net/libnet.a(net.o) (RarpRequest)
net/libnet.a(tftp.o)          net/libnet.a(net.o) (TftpStart)
net/libnet.a(bootp.o)         net/libnet.a(net.o) (BootpRequest)
drivers/mmc/libmmc.a(mmc.o)   arch/arm/lib/libarm.a(board.o) (mmc_initialize)
drivers/mmc/libmmc.a(himciv200.o)
                              drivers/mmc/libmmc.a(mmc.o) (board_mmc_init)
drivers/mtd/nand/libnand.a(nand.o)
                              arch/arm/lib/libarm.a(board.o) (nand_init)
drivers/mtd/nand/libnand.a(nand_base.o)
                              drivers/mtd/nand/libnand.a(nand.o) (nand_scan)
drivers/mtd/nand/libnand.a(nand_bbt.o)
                              drivers/mtd/nand/libnand.a(nand_base.o) (nand_update_bbt)
drivers/mtd/nand/libnand.a(nand_ecc.o)
                              drivers/mtd/nand/libnand.a(nand_base.o) (nand_calculate_ecc)
drivers/mtd/nand/libnand.a(nand_ids.o)
                              drivers/mtd/nand/libnand.a(nand_base.o) (nand_manuf_ids)
drivers/mtd/nand/libnand.a(hinfc_common.o)
                              drivers/mtd/nand/libnand.a(nand_base.o) (nand_ecc_name)
drivers/mtd/nand/hifmc100/libhifmcv100.a(hifmc100_os.o)
                              drivers/mtd/nand/libnand.a(nand.o) (board_nand_init)
drivers/mtd/nand/hifmc100/libhifmcv100.a(hifmc100.o)
                              drivers/mtd/nand/hifmc100/libhifmcv100.a(hifmc100_os.o) (hifmc100_host_init)
drivers/mtd/nand/hifmc100/libhifmcv100.a(hifmc_spi_nand_ids.o)
                              drivers/mtd/nand/hifmc100/libhifmcv100.a(hifmc100.o) (spi_nand_feature_op)
drivers/mtd/spi/libspi_flash.a(spi_compatible.o)
                              arch/arm/lib/libarm.a(board.o) (spi_flash_probe)
drivers/mtd/spi/hifmc100/libhifmcv100.a(hifmc100_os.o)
                              drivers/mtd/spi/libspi_flash.a(spi_compatible.o) (hifmc100_spi_nor_probe)
drivers/mtd/spi/hifmc100/libhifmcv100.a(hifmc_spi_nor_ids.o)
                              drivers/mtd/spi/hifmc100/libhifmcv100.a(hifmc100_os.o) (start_up_addr_mode)
drivers/mtd/spi/hifmc100/libhifmcv100.a(hifmc100.o)
                              drivers/mtd/spi/hifmc100/libhifmcv100.a(hifmc_spi_nor_ids.o) (hifmc100_read_ids)
drivers/net/hisfv300/libhisfv300.a(net-drv.o)
                              net/libnet.a(net.o) (eth_init)
drivers/net/hisfv300/libhisfv300.a(mii-drv.o)
                              drivers/net/hisfv300/libhisfv300.a(net-drv.o) (get_phy_device)
drivers/net/hisfv300/libhisfv300.a(ctrl.o)
                              drivers/net/hisfv300/libhisfv300.a(net-drv.o) (hieth_irq_enable)
drivers/net/hisfv300/libhisfv300.a(glb.o)
                              drivers/net/hisfv300/libhisfv300.a(net-drv.o) (hieth_glb_preinit_dummy)
drivers/net/hisfv300/libhisfv300.a(mac.o)
                              drivers/net/hisfv300/libhisfv300.a(net-drv.o) (hieth_set_linkstat)
drivers/net/hisfv300/libhisfv300.a(mdio.o)
                              drivers/net/hisfv300/libhisfv300.a(mii-drv.o) (hieth_mdio_read)
drivers/net/hisfv300/libhisfv300.a(sys.o)
                              drivers/net/hisfv300/libhisfv300.a(net-drv.o) (set_efuse_unread)
common/bootss2.a(cmd_bootss2.o)
                              arch/arm/lib/libarm.a(board.o) (comp_save_snapshot_image)
drivers/serial/libserial.a(serial_pl01x.o)
                              arch/arm/lib/libarm.a(board.o) (serial_init)
common/libcommon.a(cmd_boot.o)
                              (__u_boot_cmd_reset)
common/libcommon.a(cmd_bootm.o)
                              (__u_boot_cmd_bootm)
common/libcommon.a(cmd_ddr_training_v2.o)
                              (__u_boot_cmd_ddr)
common/libcommon.a(cmd_ext2.o)
                              (__u_boot_cmd_ext2load)
common/libcommon.a(cmd_fat.o)
[...]
Memory Configuration

Name             Origin             Length             Attributes
*default*        0x00000000         0xffffffff

Linker script and memory map

                0x00000000                . = 0x0
                0x00000000                . = ALIGN (0x4)

.text           0x80800000    0x31c88
                0x80800000                __text_start = .
 arch/arm/cpu/hi3518ev200/start.o(.text)
 .text          0x80800000     0x1748 arch/arm/cpu/hi3518ev200/start.o
                0x80800000                _start
                0x80801040                _blank_zone_start
                0x80801044                _blank_zone_end
                0x80801054                _armboot_start
                0x80801058                _bss_start
                0x8080105c                _bss_end
                0x80801538                init_registers
 arch/arm/cpu/hi3518ev200/lowlevel_init_svb.o(.text)
 .text          0x80801748       0xc4 arch/arm/cpu/hi3518ev200/lowlevel_init_svb.o
                0x80801748                start_svb
 drivers/ddr/ddr_training_impl.o(.text)
 .text          0x8080180c     0x13cc drivers/ddr/ddr_training_impl.o
                0x80801998                ddr_training_set_timing
                0x808019cc                ddr_training_stat
                0x80801a34                ddr_training_check_bypass
                0x80801a50                ddr_dmc_get_reversed
                0x80801a60                ddr_phy_cfg_update
                0x80801bd8                ddr_phy_set_dq_bdl
                0x80801c34                ddr_phy_get_dq_bdl
                0x80801c78                ddr_phy_get_byte_num
                0x80801c90                ddr_ddrt_init
                0x80801d48                ddr_ddrt_test
                0x80801e58                ddr_dataeye_check_dq
                0x80801ff4                ddr_dataeye_deskew
                0x80802448                ddr_adjust_dataeye
                0x80802540                ddr_dataeye_training
                0x808025b8                ddr_hw_training
                0x80802648                ddr_mpr_check
                0x80802650                ddr_write_leveling
                0x8080296c                ddr_gate_training
 drivers/ddr/ddr_training_ctl.o(.text)
 .text          0x80802bd8      0x1c0 drivers/ddr/ddr_training_ctl.o
                0x80802bd8                ddr_sw_training_func
                0x80802d94                ddr_sw_training_if
 drivers/ddr/ddr_training_boot.o(.text)
 .text          0x80802d98       0x1c drivers/ddr/ddr_training_boot.o
                0x80802d98                ddr_result_data_save
                0x80802d9c                ddr_lpca_data_save
                0x80802da0                ddr_ddrt_get_test_addr
                0x80802da8                ddr_training_error
                0x80802dac                ddr_training_suc
                0x80802db0                ddr_training_start
 drivers/ddr/ddr_training_custom.o(.text)
 .text          0x80802db4       0x34 drivers/ddr/ddr_training_custom.o
                0x80802db4                ddr_cmd_prepare_copy
                0x80802db8                ddr_ddrt_prepare_custom
                0x80802de0                ddr_cmd_site_save
                0x80802de4                ddr_cmd_site_restore
                0x80802de8                __init_end = .
                0x00000001                ASSERT (((__init_end - __text_start) < 0x4000), init sections too big!)
 *(.text)
 .text          0x80802de8       0xc8 arch/arm/cpu/hi3518ev200/libhi3518ev200.a(uart.o)
                0x80802de8                uart_early_init
                0x80802e1c                uart_early_puts
                0x80802e4c                uart_early_put_hex
                0x80802e90                uart_early_putc
 .text          0x80802eb0       0x34 arch/arm/cpu/hi3518ev200/libhi3518ev200.a(lowlevel_init_v300.o)
                0x80802eb0                start_ddr_training
 .text          0x80802ee4      0x2d0 arch/arm/cpu/hi3518ev200/libhi3518ev200.a(emmc_boot.o)
                0x80802f60                emmc_boot_read
 *fill*         0x808031b4        0x4 
 .text          0x808031b8       0x48 arch/arm/cpu/hi3518ev200/libhi3518ev200.a(chip.o)
                0x808031b8                get_chipid_reg
                0x808031d0                get_ca_vendor_reg
                0x808031d8                reset_cpu
 .text          0x80803200      0x224 arch/arm/lib/libarm.a(board.o)
                0x80803278                coloured_LED_init
                0x80803278                __coloured_LED_init
                0x8080327c                red_LED_on
                0x8080327c                __red_LED_on
                0x80803280                __red_LED_off
                0x80803280                red_LED_off
                0x80803284                green_LED_on
                0x80803284                __green_LED_on
                0x80803288                __green_LED_off
                0x80803288                green_LED_off
                0x8080328c                __yellow_LED_on
                0x8080328c                yellow_LED_on
                0x80803290                __yellow_LED_off
                0x80803290                yellow_LED_off
                0x80803294                blue_LED_on
                0x80803294                __blue_LED_on
                0x80803298                blue_LED_off
                0x80803298                __blue_LED_off
                0x8080329c                hang
                0x808032b0                start_armboot
 .text          0x80803424      0x260 arch/arm/lib/libarm.a(interrupts.o)
                0x80803424                enable_interrupts
                0x80803428                disable_interrupts
                0x80803430                bad_mode
                0x8080344c                show_regs
                0x80803588                do_undefined_instruction
                0x808035ac                do_software_interrupt
                0x808035d0                do_prefetch_abort
                0x808035f4                do_data_abort
                0x80803618                do_not_used
                0x8080363c                do_fiq
                0x80803660                do_irq
 *fill*         0x80803684       0x1c 
 .text          0x808036a0       0xd8 arch/arm/lib/libarm.a(memset.o)
                0x808036c0                memset
 .text          0x80803778      0x3ac arch/arm/lib/libarm.a(memcpy.o)
                0x80803778                memcpy
 .text          0x80803b24      0x144 net/libnet.a(eth.o)
                0x80803b24                eth_parse_enetaddr
                0x80803b84                eth_getenv_enetaddr
                0x80803be0                eth_setenv_enetaddr
                0x80803c14                eth_getenv_enetaddr_by_index
                0x80803c58                eth_initialize
 .text          0x80803c68     0x1324 net/libnet.a(net.o)
                0x80803cdc                NetStartAgain
                0x80803db0                NetSetHandler
                0x80803dc0                NetSetTimeout
                0x80803df4                NetSendPacket
                0x80803df8                NetCksum
                0x80803e34                NetCksumOk
                0x80803e58                NetEthHdrSize
                0x80803e94                NetSetEther
                0x80803f40                ArpRequest
                0x8080403c                ArpTimeoutCheck
                0x808040b0                PingSend
                0x80804200                NetReceive
                0x808047c0                NetSetIP
                0x808048c8                NetSendUDPPacket
                0x80804aac                copy_filename
                0x80804af0                ip_to_string
                0x80804b50                VLAN_to_string
                0x80804b9c                string_to_VLAN
                0x80804bf4                getenv_VLAN
                0x80804c04                NetLoop
 .text          0x80804f8c      0x180 net/libnet.a(rarp.o)
                0x80804fcc                RarpRequest
 .text          0x8080510c      0xb88 net/libnet.a(tftp.o)
                0x808058e8                print_IPaddr
                0x80805904                TftpStart
 .text          0x80805c94      0x610 net/libnet.a(bootp.o)
                0x80806034                BootpRequest
 .text          0x808062a4     0x113c drivers/mmc/libmmc.a(mmc.o)
                0x80806308                __board_mmc_getcd
                0x80806308                board_mmc_getcd
                0x80806310                mmc_send_cmd
                0x80806318                mmc_set_blocklen
                0x8080634c                find_mmc_device
                0x808065a8                mmc_read_block
                0x80806604                mmc_read
                0x80806718                mmc_go_idle
                0x80806768                sd_send_op_cond
                0x80806860                mmc_send_op_cond
                0x808068fc                mmc_send_ext_csd
                0x8080694c                mmc_switch
                0x80806a94                mmc_change_freq
                0x80806abc                sd_switch
                0x80806b28                sd_change_freq
                0x80806cec                mmc_set_ios
                0x80806cf4                mmc_set_clock
                0x80806d14                mmc_set_bus_width
                0x80806d1c                mmc_startup
                0x808071a4                mmc_send_if_cond
                0x8080721c                mmc_register
                0x80807284                mmc_get_dev
                0x80807298                mmc_init
                0x80807348                cpu_mmc_init
                0x80807350                print_mmc_devices
                0x808073bc                mmc_initialize
 .text          0x808073e0     0x10b8 drivers/mmc/libmmc.a(himciv200.o)
                0x80807cb8                board_mmc_init
                0x80807e58                check_ext_csd
                0x80808098                select_boot_part
                0x80808178                print_ext_csd
                0x808081c8                print_mmc_reg
                0x808082f8                mmc_flash_init
 .text          0x80808498       0xb4 drivers/mtd/nand/libnand.a(nand.o)
                0x80808498                nand_init
 .text          0x8080854c     0x3cc8 drivers/mtd/nand/libnand.a(nand_base.o)
                0x8080a4d8                nand_wait_ready
                0x8080b07c                nand_erase_nand
                0x8080b3f8                get_nand_info
                0x8080b404                nand_scan_ident
                0x8080bc24                nand_scan_tail
                0x8080c1cc                nand_scan
                0x8080c1ec                nand_release
 .text          0x8080c214     0x1690 drivers/mtd/nand/libnand.a(nand_bbt.o)
                0x8080d070                nand_update_bbt
                0x8080d328                nand_scan_bbt
                0x8080d7a0                nand_default_bbt
                0x8080d850                nand_isbad_bbt
 .text          0x8080d8a4      0x24c drivers/mtd/nand/libnand.a(nand_ecc.o)
                0x8080d8a4                nand_calculate_ecc
                0x8080d9cc                nand_correct_data
 .text          0x8080daf0        0x0 drivers/mtd/nand/libnand.a(nand_ids.o)
 .text          0x8080daf0      0x190 drivers/mtd/nand/libnand.a(hinfc_common.o)
                0x8080daf0                nand_ecc_name
                0x8080db0c                nand_page_name
                0x8080db28                nandpage_size2type
                0x8080db40                nandpage_type2size
                0x8080db58                match_ecc_type_to_yaffs
                0x8080db7c                match_page_reg_to_type
                0x8080dba0                match_page_type_to_reg
                0x8080dbc4                match_page_type_to_str
                0x8080dbe0                match_ecc_reg_to_type
                0x8080dc04                match_ecc_type_to_reg
                0x8080dc28                match_ecc_type_to_str
                0x8080dc44                match_page_size_to_type
                0x8080dc68                match_page_type_to_size
 .text          0x8080dc80      0x194 drivers/mtd/nand/hifmc100/libhifmcv100.a(hifmc100_os.o)
                0x8080dc80                board_nand_init
                0x8080dddc                nand_get_ecctype
 .text          0x8080de14     0x11b4 drivers/mtd/nand/hifmc100/libhifmcv100.a(hifmc100.o)
                0x8080ed38                hifmc100_ecc0_switch
                0x8080ed78                hifmc100_host_init
                0x8080ef04                hifmc100_spi_nand_init
 .text          0x8080efc8      0x7f8 drivers/mtd/nand/hifmc100/libhifmcv100.a(hifmc_spi_nand_ids.o)
                0x8080f044                spi_nand_feature_op
                0x8080f7a8                hifmc_spi_nand_ids_register
 .text          0x8080f7c0       0x74 drivers/mtd/spi/libspi_flash.a(spi_compatible.o)
                0x8080f7c0                spi_flash_probe
                0x8080f7e8                get_spiflash_info
                0x8080f810                spi_flash_free
                0x8080f814                spi_flash_lock
 .text          0x8080f834      0x278 drivers/mtd/spi/hifmc100/libhifmcv100.a(hifmc100_os.o)
                0x8080f8b0                hifmc100_spi_nor_probe
                0x8080f990                hifmc100_get_spi_nor_info
                0x8080f9c4                hifmc100_spi_flash_lock
 .text          0x8080faac     0x14bc drivers/mtd/spi/hifmc100/libhifmcv100.a(hifmc_spi_nor_ids.o)
                0x8080fb28                spi_general_get_flash_register
                0x80810428                spi_is_quad
                0x80810b00                hifmc_spi_nor_get_erase
                0x80810b60                hifmc_spi_nor_probe
 .text          0x80810f68      0xf2c drivers/mtd/spi/hifmc100/libhifmcv100.a(hifmc100.o)
                0x80811728                hifmc100_read_ids
                0x808117d0                hifmc100_spi_nor_init
                0x80811888                spi_lock_update_address
                0x8081193c                hifmc100_handle_bp_rdcr_info
                0x808119a0                hifmc100_handle_bp_rdsr_info
                0x808119fc                hifmc100_set_spi_lock_info
                0x80811ab8                hifmc100_bp_to_level
                0x80811af8                hifmc100_get_bp_lock_level
                0x80811c2c                hifmc100_spi_nor_scan
                0x80811cc0                hifmc100_spi_lock
 .text          0x80811e94      0xaf4 drivers/net/hisfv300/libhisfv300.a(net-drv.o)
                0x808120fc                string_to_mac
                0x8081215c                srandom
                0x80812174                random
                0x808121dc                random_ether_addr
                0x808122f8                eth_set_host_mac_address
                0x808123d4                eth_init
                0x8081267c                eth_rx
                0x808127e4                eth_send
                0x8081293c                eth_halt
 .text          0x80812988      0x35c drivers/net/hisfv300/libhisfv300.a(mii-drv.o)
                0x808129c0                get_phy_device
                0x80812b9c                hieth_mdiobus_driver_init
                0x80812c6c                hieth_mdiobus_driver_exit
 .text          0x80812ce4       0x94 drivers/net/hisfv300/libhisfv300.a(ctrl.o)
                0x80812ce4                hieth_irq_enable
                0x80812cfc                hieth_irq_disable
                0x80812d14                hieth_read_irqstatus
                0x80812d24                hieth_read_raw_irqstatus
                0x80812d34                hieth_clear_irqstatus
                0x80812d50                hieth_set_endian_mode
 .text          0x80812d78      0x1cc drivers/net/hisfv300/libhisfv300.a(glb.o)
                0x80812d78                hieth_glb_preinit_dummy
 .text          0x80812f44      0x20c drivers/net/hisfv300/libhisfv300.a(mac.o)
                0x80812fb0                hieth_set_linkstat
                0x80812fb4                hieth_get_linkstat
                0x80812fd8                hieth_set_mac_leadcode_cnt_limit
                0x80813018                hieth_set_mac_trans_interval_bits
                0x808130a8                hieth_set_mac_fc_interval
                0x808130f0                hieth_set_negmode
                0x808130f4                hieth_get_negmode
                0x80813114                hieth_set_mii_mode
 .text          0x80813150      0x25c drivers/net/hisfv300/libhisfv300.a(mdio.o)
                0x80813190                hieth_mdio_read
                0x80813278                hieth_mdio_write
                0x80813334                hieth_mdio_reset
                0x80813398                hieth_mdio_init
                0x808133a8                hieth_mdio_exit
 .text          0x808133ac       0xb4 drivers/net/hisfv300/libhisfv300.a(sys.o)
                0x808133ac                set_efuse_unread
                0x808133b0                set_inner_phy_addr
                0x808133b4                revise_led_shine
                0x808133b8                set_phy_valtage
                0x808133bc                hieth_sys_startup
                0x808133e4                hieth_sys_allstop
                0x808133e8                hieth_sys_init
                0x8081345c                hieth_sys_exit
 .text          0x80813460      0xf1c common/bootss2.a(cmd_bootss2.o)
                0x80813820                find_hibernate_part
                0x80813960                do_bootss
                0x80813f74                schedule_notify
                0x80814004                comp_save_snapshot_image
 .text          0x8081437c      0x114 drivers/serial/libserial.a(serial_pl01x.o)
                0x8081437c                serial_init
                0x808143b4                serial_putc
                0x808143ec                serial_puts
                0x80814418                serial_puts_to_hitool
                0x80814448                serial_getc
                0x80814470                serial_tstc
                0x8081448c                serial_setbrg
 .text          0x80814490       0x84 common/libcommon.a(cmd_boot.o)
                0x80814490                do_go_exec
                0x808144a0                do_go
 .text          0x80814514      0xaec common/libcommon.a(cmd_bootm.o)
                0x80814ba8                arch_preboot_os
                0x80814ba8                __arch_preboot_os
                0x80814bac                do_bootm_subcommand
                0x80814d60                do_bootm
 .text          0x80815000      0x424 common/libcommon.a(cmd_ddr_training_v2.o)
                0x80815000                cmd_ddr_set_log_level
                0x80815114                do_ddr_training
                0x8081541c                check_ddr_training
 .text          0x80815424      0x454 common/libcommon.a(cmd_ext2.o)
                0x80815424                do_ext2load
                0x8081573c                do_ext2ls
 .text          0x80815878      0x368 common/libcommon.a(cmd_fat.o)
                0x80815878                do_fat_fsinfo
                0x80815954                do_fat_fsload
                0x80815ad4                do_fat_ls
 .text          0x80815be0      0x260 common/libcommon.a(cmd_getinfo.o)
                0x80815be0                do_getinfo
 .text          0x80815e40       0x44 common/libcommon.a(cmd_help.o)
                0x80815e40                do_help
 .text          0x80815e84      0x97c common/libcommon.a(cmd_load.o)
                0x80815fd0                send_pad
                0x80816000                ktrans
                0x80816024                chk1
                0x80816050                s1_sendpacket
                0x80816078                send_ack
                0x808160d8                send_nack
                0x80816138                k_data_init
                0x80816150                k_data_save
                0x80816174                k_data_restore
                0x80816198                k_data_char
                0x808161e4                handle_send_packet
                0x808163a4                do_load_serial_bin
 .text          0x80816800      0x908 common/libcommon.a(cmd_mem.o)
                0x80816800                do_mem_loop
                0x808168e8                do_mem_md
                0x808169bc                do_mem_base
                0x808169fc                do_mem_mtest
                0x80816bb0                do_mem_mw
                0x80816c68                do_mem_cmp
                0x80816f48                do_mem_mm
                0x80816f6c                do_mem_cp
                0x8081703c                do_mem_crc
                0x808170e4                do_mem_nm
 .text          0x80817108      0x7d8 common/libcommon.a(cmd_mii.o)
                0x8081715c                MII_dump_0_to_5
                0x80817438                do_mii
 .text          0x808178e0      0x74c common/libcommon.a(cmd_mmc.o)
                0x808178e0                do_mmcinfo
                0x80817a38                do_mmcops
 .text          0x8081802c      0xfe0 common/libcommon.a(cmd_nand.o)
                0x808181b8                do_nand
                0x80818cb8                do_nandboot
 .text          0x8081900c      0x3f4 common/libcommon.a(cmd_net.o)
                0x80819358                do_bootp
                0x80819364                do_tftp
                0x80819370                do_rarpb
                0x8081937c                do_ping
 .text          0x80819400      0x7f4 common/libcommon.a(cmd_nvedit.o)
                0x80819400                do_saveenv
                0x80819430                get_env_id
                0x80819440                envmatch
                0x80819588                do_printenv
                0x80819620                _do_setenv
                0x80819a60                setenv
                0x80819aac                do_setenv
                0x80819ad8                getenv
                0x80819b48                getenv_r
 .text          0x80819bf4      0x7cc common/libcommon.a(cmd_sf.o)
 .text          0x8081a3c0     0x1154 common/libcommon.a(cmd_usb.o)
                0x8081a3c0                do_usbboot
                0x8081a754                usb_get_class_desc
                0x8081a810                usb_display_class_sub
                0x8081a980                usb_display_string
                0x8081a9bc                usb_display_desc
                0x8081aaf0                usb_display_conf_desc
                0x8081ab9c                usb_display_if_desc
                0x8081ac24                usb_display_ep_desc
                0x8081ace0                usb_display_config
                0x8081ad78                usb_show_tree_graph
                0x8081afa0                usb_show_tree
                0x8081afd0                do_usb
 .text          0x8081b514       0x20 common/libcommon.a(cmd_version.o)
                0x8081b514                do_version
 .text          0x8081b534      0x834 common/libcommon.a(command.o)
                0x8081b534                var_complete
                0x8081b5c4                find_cmd_tbl
                0x8081b65c                find_cmd
                0x8081b684                cmd_usage
                0x8081b6a4                _do_help
                0x8081b834                install_auto_complete
                0x8081b870                cmd_auto_complete
                0x8081bd18                cmd_get_data_size
 .text          0x8081bd68      0x59c common/libcommon.a(console.o)
                0x8081be08                serial_printf
                0x8081be4c                fgetc
                0x8081be70                ftstc
                0x8081be94                fputc
                0x8081beb4                fputs
                0x8081bed4                fprintf
                0x8081bf20                getc
                0x8081bf44                tstc
                0x8081bf68                putc
                0x8081bf8c                puts
                0x8081bfb0                printf
                0x8081bff4                print_to_hitool
                0x8081c038                vprintf
                0x8081c068                ctrlc
                0x8081c0b8                disable_ctrlc
                0x8081c0d0                had_ctrlc
                0x8081c0e0                clear_ctrlc
                0x8081c0f4                dbg
                0x8081c100                search_device
                0x8081c128                console_assign
                0x8081c168                console_init_f
                0x8081c178                stdio_print_current_devices
                0x8081c228                console_init_r
 .text          0x8081c304      0xfd8 common/libcommon.a(dlmalloc.o)
                0x8081c304                sbrk
                0x8081c340                mem_malloc_init
                0x8081c364                malloc_trim
                0x8081c428                free
                0x8081c650                malloc
                0x8081cc1c                calloc
                0x8081cce8                realloc
                0x8081d108                memalign
                0x8081d218                valloc
                0x8081d224                pvalloc
                0x8081d23c                cfree
                0x8081d240                malloc_usable_size
                0x8081d284                mallopt
 .text          0x8081d2dc      0x218 common/libcommon.a(download_process.o)
                0x8081d37c                download_process
                0x8081d4b0                download_boot
 .text          0x8081d4f4      0x284 common/libcommon.a(env_common.o)
                0x8081d4f4                env_crc_update
                0x8081d520                env_get_char_memory
                0x8081d540                env_get_char
                0x8081d570                env_get_addr
                0x8081d590                set_default_env
                0x8081d5d0                env_relocate
                0x8081d628                env_complete
 .text          0x8081d778      0x108 common/libcommon.a(env_common_func.o)
                0x8081d778                env_get_char_spec
                0x8081d79c                saveenv
                0x8081d7c0                env_relocate_spec
                0x8081d7dc                env_init
 .text          0x8081d880      0x128 common/libcommon.a(env_emmc.o)
                0x8081d880                emmc_env_get_char_spec
                0x8081d88c                emmc_saveenv
                0x8081d8f4                emmc_env_relocate_spec
                0x8081d98c                emmc_env_init
 .text          0x8081d9a8      0x2e4 common/libcommon.a(env_nand.o)
                0x8081d9a8                nand_env_get_char_spec
                0x8081d9b4                nand_env_init
                0x8081d9d0                writeenv
                0x8081daac                nand_saveenv
                0x8081db54                readenv
                0x8081dc30                nand_env_relocate_spec
 .text          0x8081dc8c      0x1d0 common/libcommon.a(env_sf.o)
                0x8081dc8c                sf_env_get_char_spec
                0x8081dc98                sf_saveenv
                0x8081dd98                sf_env_relocate_spec
                0x8081de40                sf_env_init
 .text          0x8081de5c      0x194 common/libcommon.a(exports.o)
                0x8081de60                get_version
                0x8081de68                jumptable_init
 .text          0x8081dff0      0x34c common/libcommon.a(flash_part.o)
                0x8081e258                find_flash_part
 .text          0x8081e33c      0x73c common/libcommon.a(image.o)
                0x8081e364                image_check_hcrc
                0x8081e3b4                image_check_dcrc
                0x8081e3f4                image_multi_count
                0x8081e414                image_multi_getimg
                0x8081e498                getenv_yesno
                0x8081e4c0                getenv_bootm_low
                0x8081e4f4                getenv_bootm_size
                0x8081e528                memmove_wd
                0x8081e534                genimg_print_size
                0x8081e564                get_table_entry_name
                0x8081e590                genimg_get_os_name
                0x8081e5a8                genimg_get_arch_name
                0x8081e5c0                genimg_get_type_name
                0x8081e5d8                genimg_get_comp_name
                0x8081e5f0                image_print_contents
                0x8081e770                get_table_entry_id
                0x8081e7bc                genimg_get_os_id
                0x8081e7d4                genimg_get_arch_id
                0x8081e7ec                genimg_get_type_id
                0x8081e804                genimg_get_comp_id
                0x8081e81c                genimg_get_format
                0x8081e840                genimg_get_image
                0x8081e844                genimg_has_config
                0x8081e84c                boot_get_ramdisk
 .text          0x8081ea78     0x1340 common/libcommon.a(main.o)
                0x8081ee68                __show_boot_progress
                0x8081ee68                show_boot_progress
                0x8081ee6c                readline_into_buffer
                0x8081f7e8                readline
                0x8081f804                parse_line
                0x8081f890                run_command
                0x8081fa24                main_loop
                0x8081fbc0                run_command_slave
 .text          0x8081fdb8      0x730 common/libcommon.a(miiphyutil.o)
                0x8081fdb8                miiphy_init
                0x8081fdd4                miiphy_register
                0x8081feb8                miiphy_set_current_dev
                0x8081ff10                miiphy_get_current_dev
                0x8081ff28                miiphy_read
                0x8081ffbc                miiphy_write
                0x80820050                miiphy_listdev
                0x808200c0                miiphy_info
                0x80820150                miiphy_reset
                0x80820200                miiphy_is_1000base_x
                0x80820244                miiphy_speed
                0x80820354                miiphy_duplex
                0x80820490                miiphy_link
 .text          0x808204e8      0x164 common/libcommon.a(stdio.o)
                0x808204e8                stdio_get_list
                0x808204f4                stdio_get_by_name
                0x80820540                stdio_clone
                0x80820588                stdio_register
                0x808205c4                stdio_init
 .text          0x8082064c     0x171c common/libcommon.a(usb.o)
                0x808206c0                wait_ms
                0x808206e8                usb_stop
                0x80820728                usb_disable_asynch
                0x80820740                usb_submit_int_msg
                0x80820768                usb_control_msg
                0x80820844                usb_bulk_msg
                0x808208d4                usb_maxpacket
                0x808208f0                usb_set_maxpacket
                0x80820958                usb_parse_config
                0x80820b14                usb_clear_halt
                0x80820bb4                usb_get_descriptor
                0x80820c20                usb_get_configuration_no
                0x80820cd0                usb_set_address
                0x80820d10                usb_set_interface
                0x80820dd0                usb_set_configuration
                0x80820e38                usb_set_protocol
                0x80820e94                usb_set_idle
                0x80820ef8                usb_get_report
                0x80820f6c                usb_get_class_descriptor
                0x80820fe0                usb_get_string
                0x80821160                usb_string
                0x80821254                usb_get_dev_index
                0x80821280                usb_alloc_new_device
                0x80821304                usb_free_device
                0x80821350                usb_scan_devices_debug
                0x808213a4                usb_get_hub_descriptor
                0x808213fc                usb_clear_hub_feature
                0x80821450                usb_clear_port_feature
                0x808214ac                usb_set_port_feature
                0x80821508                usb_get_hub_status
                0x80821558                usb_get_port_status
                0x8082165c                usb_hub_allocate
                0x808216a4                usb_hub_configure
                0x808218b0                usb_new_device
                0x80821b18                usb_init
                0x80821c04                usb_hub_port_connect_change
 .text          0x80821d68     0x1514 common/libcommon.a(usb_storage.o)
                0x8082202c                usb_stor_get_dev
                0x80822050                usb_show_progress
                0x8082205c                usb_stor_read
                0x8082223c                usb_stor_write
                0x8082241c                usb_stor_info
                0x8082248c                usb_stor_BBB_comdat
                0x80822564                usb_stor_CB_comdat
                0x80822784                usb_stor_CBI_get_status
                0x80822830                usb_stor_CB_transport
                0x80822a2c                usb_stor_BBB_clear_endpt_stall
                0x80822a78                usb_stor_BBB_transport
                0x80822c50                usb_storage_probe
                0x80822e5c                usb_stor_get_info
                0x80823128                usb_stor_scan
 .text          0x8082327c      0x8a0 common/libcommon.a(xyzModem.o)
                0x8082327c                CYGACC_COMM_IF_GETC_TIMEOUT
                0x80823550                CYGACC_COMM_IF_PUTC
                0x80823558                parse_num
                0x80823680                xyzModem_stream_open
                0x808237c8                xyzModem_stream_read
                0x80823a14                xyzModem_stream_close
                0x80823a68                xyzModem_stream_terminate
                0x80823afc                xyzModem_error
 .text          0x80823b1c        0x8 product/libproduct.a(sample.o)
                0x80823b1c                product_control
 .text          0x80823b24       0xd8 board/hi3518ev200/libhi3518ev200.a(board.o)
                0x80823b24                get_boot_media
                0x80823b34                get_text_base
                0x80823b40                boot_flag_init
                0x80823b74                board_init
                0x80823bbc                misc_init_r
                0x80823bdc                dram_init
 .text          0x80823bfc       0x48 lib/libgeneric.a(crc16.o)
                0x80823bfc                cyg_crc16
 .text          0x80823c44       0xec lib/libgeneric.a(crc32.o)
                0x80823c44                crc32_no_comp
                0x80823d18                crc32
                0x80823d2c                crc32_wd
 .text          0x80823d30        0x0 lib/libgeneric.a(ctype.o)
 .text          0x80823d30      0x2d4 lib/libgeneric.a(display_options.o)
                0x80823d30                display_options
                0x80823d50                print_size
                0x80823e94                print_buffer
 .text          0x80824004       0xd0 lib/libgeneric.a(div64.o)
                0x80824004                __div64_32
 .text          0x808240d4      0x1c0 lib/libgeneric.a(gunzip.o)
                0x808240d4                zalloc
                0x808240e4                zfree
                0x808240ec                zunzip
                0x808241e0                gunzip
 .text          0x80824294       0x88 lib/libgeneric.a(net_utils.o)
                0x80824294                string_to_ip
 .text          0x8082431c      0x4f0 lib/libgeneric.a(string.o)
                0x8082431c                strcpy
                0x80824334                strncpy
                0x80824358                strcat
                0x80824388                strncat
                0x808243d8                strcmp
                0x80824400                strncmp
                0x8082443c                strchr
                0x80824468                strlen
                0x8082448c                strrchr
                0x808244c8                strnlen
                0x808244f8                strdup
                0x8082452c                strspn
                0x80824568                strpbrk
                0x808245ac                strtok
                0x80824624                strsep
                0x8082465c                strswab
                0x808246a4                bcopy
                0x808246cc                memmove
                0x80824710                memcmp
                0x80824744                memscan
                0x80824770                strstr
                0x808247dc                memchr
 .text          0x8082480c       0x30 lib/libgeneric.a(time.o)
                0x8082480c                udelay
 *fill*         0x8082483c        0x4 
 .text          0x80824840      0xe94 lib/libgeneric.a(vsprintf.o)
                0x80824d80                simple_strtoul
                0x80824e34                simple_strtol
                0x80824e58                ustrtoul
                0x80824ec8                simple_strtoull
                0x80824fa0                vsprintf
                0x808255bc                sprintf
                0x808255e4                panic
                0x80825634                ultohstr
 .text          0x808256d4      0x1a8 lib/libgeneric.a(match_table.o)
                0x808256d4                reg2type
                0x80825700                type2reg
                0x8082572c                str2type
                0x8082577c                type2str
                0x808257a8                match_reg_to_type
                0x808257d4                match_type_to_reg
                0x80825800                match_data_to_type
                0x80825850                match_type_to_data
 .text          0x8082587c     0x2530 lib/libgeneric.a(zlib.o)
                0x8082587c                zcalloc
                0x80825884                zcfree
                0x8082588c                inflate_fast
                0x80825df8                inflate_table
                0x80826318                inflateReset
                0x808263b8                inflateInit2_
                0x808264bc                inflateInit_
                0x808264cc                inflateEnd
                0x80826550                adler32
                0x8082689c                inflate
 .text          0x80827dac       0xec lib/lzma/liblzma.a(LzmaTools.o)
                0x80827dbc                lzmaBuffToBuffDecompress
 .text          0x80827e98     0x1b3c lib/lzma/liblzma.a(LzmaDec.o)
                0x808291bc                LzmaDec_InitDicAndState
                0x808291f0                LzmaDec_Init
                0x80829218                LzmaDec_DecodeToDic
                0x8082959c                LzmaDec_DecodeToBuf
                0x808296a4                LzmaDec_FreeProbs
                0x8082973c                LzmaDec_Free
                0x80829768                LzmaProps_Decode
                0x8082980c                LzmaDec_AllocateProbs
                0x80829850                LzmaDec_Allocate
                0x80829904                LzmaDecode
 .text          0x808299d4      0x298 lib/hw_dec/libhw_dec.a(hw_decompress.o)
                0x808299d4                hw_dec_sop_eop_first_set
                0x80829a00                hw_dec_data_buf_info_set
                0x80829a54                hw_dec_intr_proc
                0x80829afc                hw_dec_start
                0x80829b4c                hw_dec_wait_finish
                0x80829bac                hw_dec_decompress
                0x80829c24                hw_dec_init
                0x80829c54                hw_dec_uinit
 .text          0x80829c6c      0xcd0 drivers/ddr/libddr.a(ddr_cmd_ctl.o)
                0x80829c6c                ddr_cmd_result_display
                0x8082a378                ddr_reg_result_display
                0x8082a848                ddr_cmd_get_entry
                0x8082a8f0                ddr_cmd_training_if
 .text          0x8082a93c        0x0 drivers/ddr/libddr.a(ddr_cmd_loc.o)
 .text          0x8082a93c      0x224 arch/arm/cpu/hi3518ev200/hi3518ev200/libhi3518ev200.a(timer.o)
                0x8082a93c                reset_timer_masked
                0x8082a95c                timer_init
                0x8082a998                reset_timer
                0x8082a99c                get_timer_masked
                0x8082a9d0                get_timer
                0x8082a9e4                set_timer
                0x8082a9f4                get_ticks
                0x8082aa04                get_tbclk
                0x8082aa30                __udelay
                0x8082aad0                udelay_masked
 .text          0x8082ab60      0x1cc arch/arm/lib/libarm.a(bootm.o)
                0x8082ab60                do_bootm_linux
                0x8082ad00                ss_jump_to_resume_ext
 .text          0x8082ad2c        0x4 arch/arm/lib/libarm.a(cache.o)
                0x8082ad2c                flush_cache
 .text          0x8082ad30       0x64 arch/arm/lib/libarm.a(process.o)
                0x8082ad30                add_shutdown
                0x8082ad64                do_shutdown
 .text          0x8082ad94       0x34 arch/arm/lib/libarm.a(reset.o)
                0x8082ad94                do_reset
 .text          0x8082adc8       0x68 arch/arm/lib/libarm.a(hibernate_arm9.o)
                0x8082adc8                restore_processor_state_ext
 *fill*         0x8082ae30       0x10 
 .text          0x8082ae40       0x14 arch/arm/lib/libarm.a(bootm_asm.o)
                0x8082ae40                call_swsusp_resume
 .text          0x8082ae54     0x1280 fs/fat/libfat.a(fat.o)
                0x8082b4d4                fat_register_device
                0x8082b624                do_fat_read
                0x8082bf38                file_fat_detectfs
                0x8082c08c                file_fat_ls
                0x8082c09c                file_fat_read
 .text          0x8082c0d4      0xdac fs/ext2/libext2fs.a(ext2fs.o)
                0x8082c1d8                ext2fs_free_node
                0x8082c1f8                ext2fs_read_file
                0x8082c8f8                ext2fs_find_file1
                0x8082cb68                ext2fs_find_file
                0x8082cbe0                ext2fs_ls
                0x8082cc58                ext2fs_open
                0x8082cce8                ext2fs_close
                0x8082cd90                ext2fs_read
                0x8082cdc0                ext2fs_mount
 .text          0x8082ce80      0x210 fs/ext2/libext2fs.a(dev.o)
                0x8082ce80                ext2fs_set_blk_dev
                0x8082ced0                ext2fs_devread
 .text          0x8082d090      0x380 disk/libdisk.a(part.o)
                0x8082d090                get_dev
                0x8082d0f4                dev_print
                0x8082d2f4                init_part
                0x8082d310                get_partition_info
                0x8082d338                print_part
 .text          0x8082d410      0x4e0 disk/libdisk.a(part_dos.o)
                0x8082d854                test_part_dos
                0x8082d8a4                print_part_dos
                0x8082d8d0                get_partition_info_dos
 .text          0x8082d8f0      0x128 drivers/mmc/libmmc.a(himciv200_dbg_boot_read.o)
                0x8082d950                emmc_bootmode_read
 .text          0x8082da18      0x324 fs/ext4/libext4.a(unsparse.o)
                0x8082da18                print_header_info
                0x8082da1c                print_chunk_info
                0x8082da20                ext4_unsparse
 .text          0x8082dd3c      0x1ec drivers/mtd/libmtd.a(hifmc_common.o)
                0x8082dd3c                hifmc_ip_ver_check
                0x8082dda0                hifmc_dev_type_switch
                0x8082de24                ulltostr
                0x8082dec4                debug_register_dump
 .text          0x8082df28       0xc0 drivers/mtd/libmtd.a(hifmc_hi3518ev200.o)
                0x8082df28                hifmc_set_fmc_system_clock
                0x8082df80                hifmc_get_fmc_best_2x_clock
 .text          0x8082dfe8     0x11a4 drivers/mtd/nand/libnand.a(nand_util.o)
                0x8082e098                nand_erase_opts
                0x8082e498                nand_write_yaffs_skip_bad
                0x8082e804                nand_fill_ecc
                0x8082e888                nand_read_yaffs_skip_bad
                0x8082ec40                nand_write_skip_bad
                0x8082ee44                nand_read_skip_bad
                0x8082efd4                nand_read_skip_bad_snapshot
 .text          0x8082f18c     0x191c drivers/usb/host/hiusb/libhiusb.a(hiusb-ohci.o)
                0x8082f458                sohci_submit_job
                0x8082fa90                rh_check_port_status
                0x8082fae4                submit_common_msg
                0x808300c0                submit_bulk_msg
                0x808300dc                submit_control_msg
                0x80830734                submit_int_msg
                0x8083073c                usb_lowlevel_init
                0x80830a70                usb_lowlevel_stop
 .text          0x80830aa8      0xac8 lib/libgeneric.a(vsnprintf.o)
                0x80830ad4                vsnrprintf
                0x80831548                snprintf
 .text          0x80831570       0x20 arch/arm/cpu/hi3518ev200/libhi3518ev200.a(cpu.o)
                0x80831570                cleanup_before_linux
 .text          0x80831590       0xfc arch/arm/lib/libarm.a(cache-cp15.o)
                0x808315c0                icache_enable
                0x808315d8                icache_disable
                0x808315f0                icache_status
                0x80831600                dcache_enable
                0x80831618                dcache_disable
                0x80831630                dcache_status
                0x80831640                enable_mmu
                0x80831670                stop_mmu
 .text          0x8083168c      0x12c arch/arm/lib/libarm.a(mmu.o)
                0x8083168c                mmu_pagedir_init
                0x808316a8                mmu_pagedir_cached_range
                0x808316c8                mmu_pagedir_nocached_range
                0x808316f8                flush_cache_off
                0x8083170c                mmu_startup
                0x80831744                mmu_turnoff
                0x80831758                dcache_stop
                0x80831768                dcache_start
                0x80831778                dcache_stop_noflush
                0x80831788                dcache_flush_all
                0x808317ac                dcache_inv_all
 .text          0x808317b8       0x20 /nfs/nfs/opensource/uboot/u-boot-2010.06/arch/arm/lib/eabi_compat.o
                0x808317b8                raise
                0x808317d4                __aeabi_unwind_cpp_pr0
 .text          0x808317d8      0x20c /opt/hisi-linux/x86-arm/arm-hisiv510-linux/bin/../lib/gcc/arm-hisiv510-linux-uclibcgnueabi/6.2.1/libgcc.a(_udivsi3.o)
                0x808317d8                __udivsi3
                0x808317d8                __aeabi_uidiv
                0x808319c4                __aeabi_uidivmod
 .text          0x808319e4      0x240 /opt/hisi-linux/x86-arm/arm-hisiv510-linux/bin/../lib/gcc/arm-hisiv510-linux-uclibcgnueabi/6.2.1/libgcc.a(_divsi3.o)
                0x808319e4                __aeabi_idiv
                0x808319e4                __divsi3
                0x80831c04                __aeabi_idivmod
 .text          0x80831c24       0x1c /opt/hisi-linux/x86-arm/arm-hisiv510-linux/bin/../lib/gcc/arm-hisiv510-linux-uclibcgnueabi/6.2.1/libgcc.a(_lshrdi3.o)
                0x80831c24                __aeabi_llsr
                0x80831c24                __lshrdi3
 .text          0x80831c40       0x1c /opt/hisi-linux/x86-arm/arm-hisiv510-linux/bin/../lib/gcc/arm-hisiv510-linux-uclibcgnueabi/6.2.1/libgcc.a(_ashrdi3.o)
                0x80831c40                __ashrdi3
                0x80831c40                __aeabi_lasr
 .text          0x80831c5c       0x1c /opt/hisi-linux/x86-arm/arm-hisiv510-linux/bin/../lib/gcc/arm-hisiv510-linux-uclibcgnueabi/6.2.1/libgcc.a(_ashldi3.o)
                0x80831c5c                __ashldi3
                0x80831c5c                __aeabi_llsl
 .text          0x80831c78       0x10 /opt/hisi-linux/x86-arm/arm-hisiv510-linux/bin/../lib/gcc/arm-hisiv510-linux-uclibcgnueabi/6.2.1/libgcc.a(_dvmd_lnx.o)
                0x80831c78                __aeabi_ldiv0
                0x80831c78                __aeabi_idiv0

.glue_7         0x80831c88        0x0
 .glue_7        0x80831c88        0x0 linker stubs

.glue_7t        0x80831c88        0x0
 .glue_7t       0x80831c88        0x0 linker stubs

.vfp11_veneer   0x80831c88        0x0
 .vfp11_veneer  0x80831c88        0x0 linker stubs

.v4_bx          0x80831c88        0x0
 .v4_bx         0x80831c88        0x0 linker stubs

.iplt           0x80831c88        0x0
 .iplt          0x80831c88        0x0 arch/arm/cpu/hi3518ev200/start.o

.text.unlikely  0x80831c88      0x2e0
 .text.unlikely
                0x80831c88      0x2e0 common/libcommon.a(cmd_nand.o)
                0x80831f68                . = ALIGN (0x4)

.rodata         0x80831f68     0x9de5
 *(SORT(.rodata*))
 .rodata        0x80831f68       0x80 arch/arm/lib/libarm.a(interrupts.o)
 .rodata        0x80831fe8       0xc3 drivers/mtd/nand/hifmc100/libhifmcv100.a(hifmc_spi_nand_ids.o)
 *fill*         0x808320ab        0x1 
 .rodata        0x808320ac      0x1a8 drivers/mtd/spi/hifmc100/libhifmcv100.a(hifmc_spi_nor_ids.o)
 .rodata        0x80832254       0x4c common/libcommon.a(cmd_bootm.o)
 .rodata        0x808322a0       0x20 common/libcommon.a(cmd_nand.o)
 .rodata        0x808322c0        0xc common/libcommon.a(cmd_usb.o)
 .rodata        0x808322cc       0x20 common/libcommon.a(xyzModem.o)
 .rodata        0x808322ec      0x400 lib/libgeneric.a(crc32.o)
 .rodata        0x808326ec       0x3c lib/libgeneric.a(vsprintf.o)
                0x808326fc                hex_asc
 .rodata        0x80832728      0x9cc lib/libgeneric.a(zlib.o)
                0x808330cc                z_errmsg
 .rodata        0x808330f4       0x18 disk/libdisk.a(part.o)
 .rodata        0x8083310c       0x14 drivers/mtd/libmtd.a(hifmc_common.o)
 .rodata        0x80833120       0x28 drivers/mtd/libmtd.a(hifmc_hi3518ev200.o)
 .rodata        0x80833148       0x40 drivers/usb/host/hiusb/libhiusb.a(hiusb-ohci.o)
 .rodata        0x80833188       0xdb drivers/mtd/nand/hifmc100/libhifmcv100.a(hifmc100.o)
 *fill*         0x80833263        0x1 
 .rodata        0x80833264      0x200 common/libcommon.a(download_process.o)
 .rodata        0x80833464      0x200 lib/libgeneric.a(crc16.o)
 .rodata        0x80833664       0x28 arch/arm/lib/libarm.a(board.o)
                0x80833664                version_string
 .rodata        0x8083368c        0x7 net/libnet.a(net.o)
 .rodata        0x80833693        0x9 net/libnet.a(tftp.o)
 .rodata        0x8083369c       0x5e drivers/mmc/libmmc.a(himciv200.o)
 .rodata        0x808336fa        0x5 drivers/mtd/nand/libnand.a(nand.o)
 .rodata        0x808336ff       0x64 drivers/mtd/nand/libnand.a(nand_base.o)
 .rodata        0x80833763      0x100 drivers/mtd/nand/libnand.a(nand_ecc.o)
 .rodata        0x80833863       0x16 drivers/mtd/nand/hifmc100/libhifmcv100.a(hifmc100_os.o)
 .rodata        0x80833879       0x18 drivers/mtd/spi/hifmc100/libhifmcv100.a(hifmc100_os.o)
 .rodata        0x80833891      0x104 drivers/mtd/spi/hifmc100/libhifmcv100.a(hifmc100.o)
 .rodata        0x80833995        0xf drivers/net/hisfv300/libhisfv300.a(mii-drv.o)
 .rodata        0x808339a4       0x53 common/bootss2.a(cmd_bootss2.o)
 .rodata        0x808339f7       0x16 common/libcommon.a(command.o)
 .rodata        0x80833a0d       0x12 common/libcommon.a(usb_storage.o)
 .rodata        0x80833a1f        0x6 lib/libgeneric.a(display_options.o)
 .rodata        0x80833a25       0x18 lib/lzma/liblzma.a(LzmaDec.o)
 .rodata        0x80833a3d       0x13 lib/hw_dec/libhw_dec.a(hw_decompress.o)
 .rodata        0x80833a50       0x25 lib/libgeneric.a(vsnprintf.o)
                0x80833a50                hex2ascii_data
 .rodata.str1.1
                0x80833a75       0x5b arch/arm/lib/libarm.a(board.o)
 .rodata.str1.1
                0x80833ad0      0x264 arch/arm/lib/libarm.a(interrupts.o)
                                0x27b (size before relaxing)
 .rodata.str1.1
                0x80833d34       0x16 net/libnet.a(eth.o)
 .rodata.str1.1
                0x80833d4a      0x1bf net/libnet.a(net.o)
                                0x1cf (size before relaxing)
 .rodata.str1.1
                0x80833f09       0x43 net/libnet.a(rarp.o)
 .rodata.str1.1
                0x80833f4c      0x2b4 net/libnet.a(tftp.o)
                                0x2f7 (size before relaxing)
 .rodata.str1.1
                0x80834200       0x70 net/libnet.a(bootp.o)
                                 0xa9 (size before relaxing)
 .rodata.str1.1
                0x80834270      0x119 drivers/mmc/libmmc.a(mmc.o)
                                0x121 (size before relaxing)
 .rodata.str1.1
                0x80834389      0x48c drivers/mmc/libmmc.a(himciv200.o)
                                0x495 (size before relaxing)
 .rodata.str1.1
                0x80834815       0x1b drivers/mtd/nand/libnand.a(nand.o)
 .rodata.str1.1
                0x80834830      0x2e2 drivers/mtd/nand/libnand.a(nand_base.o)
                                0x2e4 (size before relaxing)
 .rodata.str1.1
                0x80834b12      0x309 drivers/mtd/nand/libnand.a(nand_bbt.o)
 .rodata.str1.1
                0x80834e1b      0x360 drivers/mtd/nand/libnand.a(nand_ids.o)
                                0x376 (size before relaxing)
 .rodata.str1.1
                0x8083517b       0x4e drivers/mtd/nand/libnand.a(hinfc_common.o)
                                 0x61 (size before relaxing)
 .rodata.str1.1
                0x808351c9       0xaf drivers/mtd/nand/hifmc100/libhifmcv100.a(hifmc100_os.o)
 .rodata.str1.1
                0x80835278      0x392 drivers/mtd/nand/hifmc100/libhifmcv100.a(hifmc100.o)
 .rodata.str1.1
                0x8083560a      0x269 drivers/mtd/nand/hifmc100/libhifmcv100.a(hifmc_spi_nand_ids.o)
                                0x29b (size before relaxing)
 .rodata.str1.1
                0x80835873       0xd2 drivers/mtd/spi/hifmc100/libhifmcv100.a(hifmc100_os.o)
                                 0xef (size before relaxing)
 .rodata.str1.1
                0x80835945      0x549 drivers/mtd/spi/hifmc100/libhifmcv100.a(hifmc_spi_nor_ids.o)
                                0x5ef (size before relaxing)
 .rodata.str1.1
                0x80835e8e      0x3d8 drivers/mtd/spi/hifmc100/libhifmcv100.a(hifmc100.o)
                                0x494 (size before relaxing)
 .rodata.str1.1
                0x80836266      0x252 drivers/net/hisfv300/libhisfv300.a(net-drv.o)
                                0x263 (size before relaxing)
 .rodata.str1.1
                0x808364b8       0x9a drivers/net/hisfv300/libhisfv300.a(mii-drv.o)
 .rodata.str1.1
                0x80836552       0x32 drivers/net/hisfv300/libhisfv300.a(mdio.o)
                                 0x42 (size before relaxing)
 .rodata.str1.1
                0x80836584      0x3e5 common/bootss2.a(cmd_bootss2.o)
                                0x3ed (size before relaxing)
 .rodata.str1.1
                0x80836969       0x95 common/libcommon.a(cmd_boot.o)
 .rodata.str1.1
                0x808369fe      0x4ad common/libcommon.a(cmd_bootm.o)
                                0x4d0 (size before relaxing)
 .rodata.str1.1
                0x80836eab      0x14c common/libcommon.a(cmd_ddr_training_v2.o)
                                0x15b (size before relaxing)
 .rodata.str1.1
                0x80836ff7      0x1d2 common/libcommon.a(cmd_ext2.o)
                                0x29d (size before relaxing)
 .rodata.str1.1
                0x808371c9      0x1e9 common/libcommon.a(cmd_fat.o)
                                0x24c (size before relaxing)
 .rodata.str1.1
                0x808373b2       0xbc common/libcommon.a(cmd_getinfo.o)
                                 0xfe (size before relaxing)
 .rodata.str1.1
                0x8083746e       0x36 common/libcommon.a(cmd_help.o)
                                 0x38 (size before relaxing)
 .rodata.str1.1
                0x808374a4      0x1b7 common/libcommon.a(cmd_load.o)
                                0x1d0 (size before relaxing)
 .rodata.str1.1
                0x8083765b      0x2e2 common/libcommon.a(cmd_mem.o)
                                0x2f9 (size before relaxing)
 .rodata.str1.1
                0x8083793d      0x5b4 common/libcommon.a(cmd_mii.o)
                                0x5dc (size before relaxing)
 .rodata.str1.1
                0x80837ef1      0x298 common/libcommon.a(cmd_mmc.o)
                                0x2aa (size before relaxing)
 .rodata.str1.1
                0x80838189      0x92c common/libcommon.a(cmd_nand.o)
                                0x9b0 (size before relaxing)
 .rodata.str1.1
                0x80838ab5      0x162 common/libcommon.a(cmd_net.o)
                                0x19b (size before relaxing)
 .rodata.str1.1
                0x80838c17      0x187 common/libcommon.a(cmd_nvedit.o)
                                0x1e3 (size before relaxing)
 .rodata.str1.1
                0x80838d9e      0x247 common/libcommon.a(cmd_sf.o)
                                0x308 (size before relaxing)
 .rodata.str1.1
                0x80838fe5      0x606 common/libcommon.a(cmd_usb.o)
                                0x74b (size before relaxing)
 .rodata.str1.1
                0x808395eb       0x1b common/libcommon.a(cmd_version.o)
                                 0x23 (size before relaxing)
 .rodata.str1.1
                0x80839606       0x76 common/libcommon.a(command.o)
                                 0x92 (size before relaxing)
 .rodata.str1.1
                0x8083967c       0x70 common/libcommon.a(console.o)
                                 0x74 (size before relaxing)
 .rodata.str1.1
                0x808396ec       0x32 common/libcommon.a(download_process.o)
 .rodata.str1.1
                0x8083971e       0x33 common/libcommon.a(env_common.o)
                                 0x37 (size before relaxing)
 .rodata.str1.1
                0x80839751       0x1a common/libcommon.a(env_common_func.o)
 .rodata.str1.1
                0x8083976b       0x2c common/libcommon.a(env_emmc.o)
                                 0x65 (size before relaxing)
 .rodata.str1.1
                0x80839797       0x69 common/libcommon.a(env_nand.o)
                                 0x74 (size before relaxing)
 .rodata.str1.1
                0x80839800       0xc3 common/libcommon.a(env_sf.o)
                                0x12d (size before relaxing)
 .rodata.str1.1
                0x808398c3       0x84 common/libcommon.a(flash_part.o)
                                 0x8a (size before relaxing)
 .rodata.str1.1
                0x80839947      0x42c common/libcommon.a(image.o)
                                0x4ce (size before relaxing)
 .rodata.str1.1
                0x80839d73       0xc9 common/libcommon.a(main.o)
                                 0xe2 (size before relaxing)
 .rodata.str1.1
                0x80839e3c      0x1b9 common/libcommon.a(miiphyutil.o)
                                0x1c9 (size before relaxing)
 .rodata.str1.1
                0x80839ff5        0x7 common/libcommon.a(stdio.o)
                                 0x1b (size before relaxing)
 .rodata.str1.1
                0x80839ffc      0x2e3 common/libcommon.a(usb.o)
 .rodata.str1.1
                0x8083a2df      0x1ff common/libcommon.a(usb_storage.o)
                                0x211 (size before relaxing)
 .rodata.str1.1
                0x8083a4de       0xe3 common/libcommon.a(xyzModem.o)
                                 0xe5 (size before relaxing)
 .rodata.str1.1
                0x8083a5c1       0xe3 board/hi3518ev200/libhi3518ev200.a(board.o)
                                  0x9 (size before relaxing)
 .rodata.str1.1
                0x8083a5c1       0x1a lib/libgeneric.a(display_options.o)
                                 0x43 (size before relaxing)
 .rodata.str1.1
                0x8083a5db       0x85 lib/libgeneric.a(gunzip.o)
 .rodata.str1.1
                0x8083a660       0x21 lib/libgeneric.a(vsprintf.o)
 .rodata.str1.1
                0x8083a681      0x21c lib/libgeneric.a(zlib.o)
                                0x21d (size before relaxing)
 .rodata.str1.1
                0x8083a89d       0x51 lib/hw_dec/libhw_dec.a(hw_decompress.o)
 .rodata.str1.1
                0x8083a8ee      0x478 drivers/ddr/libddr.a(ddr_cmd_ctl.o)
                                0x486 (size before relaxing)
 .rodata.str1.1
                0x8083ad66       0x42 arch/arm/lib/libarm.a(bootm.o)
                                 0x4b (size before relaxing)
 .rodata.str1.1
                0x8083ada8       0x44 arch/arm/lib/libarm.a(process.o)
 .rodata.str1.1
                0x8083adec        0xf arch/arm/lib/libarm.a(reset.o)
 .rodata.str1.1
                0x8083adfb      0x157 fs/fat/libfat.a(fat.o)
                                0x169 (size before relaxing)
 .rodata.str1.1
                0x8083af52      0x1be fs/ext2/libext2fs.a(ext2fs.o)
 .rodata.str1.1
                0x8083b110       0xdc fs/ext2/libext2fs.a(dev.o)
 .rodata.str1.1
                0x8083b1ec      0x1af disk/libdisk.a(part.o)
                                0x1e4 (size before relaxing)
 .rodata.str1.1
                0x8083b39b       0xe5 disk/libdisk.a(part_dos.o)
                                 0xf1 (size before relaxing)
 .rodata.str1.1
                0x8083b480       0x6f drivers/mmc/libmmc.a(himciv200_dbg_boot_read.o)
 .rodata.str1.1
                0x8083b4ef      0x17a fs/ext4/libext4.a(unsparse.o)
                                0x182 (size before relaxing)
 .rodata.str1.1
                0x8083b669       0x4e drivers/mtd/libmtd.a(hifmc_common.o)
                                 0x63 (size before relaxing)
 .rodata.str1.1
                0x8083b6b7      0x428 drivers/mtd/nand/libnand.a(nand_util.o)
                                0x44b (size before relaxing)
 .rodata.str1.1
                0x8083badf      0x23b drivers/usb/host/hiusb/libhiusb.a(hiusb-ohci.o)
 .rodata.str1.1
                0x8083bd1a        0xc lib/libgeneric.a(vsnprintf.o)
                                 0x13 (size before relaxing)
 .rodata.str1.1
                0x8083bd26        0xc arch/arm/cpu/hi3518ev200/libhi3518ev200.a(cpu.o)
                                 0x14 (size before relaxing)
 .rodata.str1.1
                0x8083bd32       0x1b /nfs/nfs/opensource/uboot/u-boot-2010.06/arch/arm/lib/eabi_compat.o

.image          0x8083bd4d     0x1a44
 .image         0x8083bd4d     0x1a44 drivers/ddr/libddr.a(ddr_cmd_loc.o)
                0x8083bd4d                ddr_training_cmd_start
                0x8083d791                ddr_training_cmd_end

.rel.dyn        0x8083d794        0x0
 .rel.iplt      0x8083d794        0x0 arch/arm/cpu/hi3518ev200/start.o
 .rel.got       0x8083d794        0x0 arch/arm/cpu/hi3518ev200/start.o
                0x8083d794                . = ALIGN (0x4)

.data           0x8083d798     0x69c0
 *(.data)
 .data          0x8083d798        0x0 arch/arm/cpu/hi3518ev200/start.o
 .data          0x8083d798        0x0 arch/arm/cpu/hi3518ev200/lowlevel_init_svb.o
 .data          0x8083d798        0x0 drivers/ddr/ddr_training_impl.o
 .data          0x8083d798        0x0 drivers/ddr/ddr_training_ctl.o
 .data          0x8083d798        0x0 drivers/ddr/ddr_training_boot.o
 .data          0x8083d798        0x0 drivers/ddr/ddr_training_custom.o
 .data          0x8083d798        0x0 arch/arm/cpu/hi3518ev200/libhi3518ev200.a(uart.o)
 .data          0x8083d798        0x0 arch/arm/cpu/hi3518ev200/libhi3518ev200.a(lowlevel_init_v300.o)
 .data          0x8083d798        0x0 arch/arm/cpu/hi3518ev200/libhi3518ev200.a(emmc_boot.o)
 .data          0x8083d798        0x0 arch/arm/cpu/hi3518ev200/libhi3518ev200.a(chip.o)
 .data          0x8083d798       0x24 arch/arm/lib/libarm.a(board.o)
                0x8083d798                init_sequence
 .data          0x8083d7bc        0x0 arch/arm/lib/libarm.a(interrupts.o)
 .data          0x8083d7bc        0x0 arch/arm/lib/libarm.a(memset.o)
 .data          0x8083d7bc        0x0 arch/arm/lib/libarm.a(memcpy.o)
 .data          0x8083d7bc        0x0 net/libnet.a(eth.o)
 .data          0x8083d7bc        0xa net/libnet.a(net.o)
                0x8083d7bc                NetOurVLAN
                0x8083d7be                NetBcastAddr
                0x8083d7c4                NetOurNativeVLAN
 .data          0x8083d7c6        0x0 net/libnet.a(rarp.o)
 *fill*         0x8083d7c6        0x2 
 .data          0x8083d7c8       0x1c net/libnet.a(tftp.o)
                0x8083d7d4                upload_addr
                0x8083d7dc                TftpRRQTimeoutCountMax
                0x8083d7e0                TftpRRQTimeoutMSecs
 .data          0x8083d7e4        0x0 net/libnet.a(bootp.o)
 .data          0x8083d7e4       0x50 drivers/mmc/libmmc.a(mmc.o)
                0x8083d7e4                multipliers
                0x8083d824                fbase
 .data          0x8083d834        0x0 drivers/mmc/libmmc.a(himciv200.o)
 .data          0x8083d834        0x4 drivers/mtd/nand/libnand.a(nand.o)
                0x8083d834                nand_curr_device
 .data          0x8083d838      0x920 drivers/mtd/nand/libnand.a(nand_base.o)
 .data          0x8083e158      0x10c drivers/mtd/nand/libnand.a(nand_bbt.o)
 .data          0x8083e264        0x0 drivers/mtd/nand/libnand.a(nand_ecc.o)
 .data          0x8083e264      0x4f8 drivers/mtd/nand/libnand.a(nand_ids.o)
                0x8083e264                nand_manuf_ids
                0x8083e2f4                nand_flash_ids
 .data          0x8083e75c      0x184 drivers/mtd/nand/libnand.a(hinfc_common.o)
 .data          0x8083e8e0        0x0 drivers/mtd/nand/hifmc100/libhifmcv100.a(hifmc100_os.o)
 .data          0x8083e8e0      0x2b8 drivers/mtd/nand/hifmc100/libhifmcv100.a(hifmc100.o)
 .data          0x8083eb98     0x1380 drivers/mtd/nand/hifmc100/libhifmcv100.a(hifmc_spi_nand_ids.o)
                0x8083eb98                hifmc_spi_nand_flash_table
 .data          0x8083ff18        0x0 drivers/mtd/spi/libspi_flash.a(spi_compatible.o)
 .data          0x8083ff18        0x0 drivers/mtd/spi/hifmc100/libhifmcv100.a(hifmc100_os.o)
 .data          0x8083ff18     0x3480 drivers/mtd/spi/hifmc100/libhifmcv100.a(hifmc_spi_nor_ids.o)
 .data          0x80843398        0x0 drivers/mtd/spi/hifmc100/libhifmcv100.a(hifmc100.o)
 .data          0x80843398        0xc drivers/net/hisfv300/libhisfv300.a(net-drv.o)
                0x8084339c                D_PHY_ADDR
                0x8084339d                U_PHY_ADDR
 .data          0x808433a4        0x0 drivers/net/hisfv300/libhisfv300.a(mii-drv.o)
 .data          0x808433a4        0x0 drivers/net/hisfv300/libhisfv300.a(ctrl.o)
 .data          0x808433a4        0x0 drivers/net/hisfv300/libhisfv300.a(glb.o)
 .data          0x808433a4        0x0 drivers/net/hisfv300/libhisfv300.a(mac.o)
 .data          0x808433a4        0x0 drivers/net/hisfv300/libhisfv300.a(mdio.o)
 .data          0x808433a4        0x0 drivers/net/hisfv300/libhisfv300.a(sys.o)
 .data          0x808433a4        0x8 common/bootss2.a(cmd_bootss2.o)
 .data          0x808433ac        0x0 drivers/serial/libserial.a(serial_pl01x.o)
 .data          0x808433ac        0x0 common/libcommon.a(cmd_boot.o)
 .data          0x808433ac       0x94 common/libcommon.a(cmd_bootm.o)
                0x808433ac                load_addr
 .data          0x80843440        0x4 common/libcommon.a(cmd_ddr_training_v2.o)
 .data          0x80843444        0x0 common/libcommon.a(cmd_ext2.o)
 .data          0x80843444        0x0 common/libcommon.a(cmd_fat.o)
 .data          0x80843444        0x0 common/libcommon.a(cmd_getinfo.o)
 .data          0x80843444        0x0 common/libcommon.a(cmd_help.o)
 .data          0x80843444        0x0 common/libcommon.a(cmd_load.o)
 .data          0x80843444        0x4 common/libcommon.a(cmd_mem.o)
                0x80843444                dp_last_length
 .data          0x80843448      0x2e8 common/libcommon.a(cmd_mii.o)
                0x80843448                reg_0_5_desc_tbl
                0x80843478                desc_and_len_tbl
                0x808434a8                reg_5_desc_tbl
                0x80843538                reg_4_desc_tbl
                0x808435c8                reg_3_desc_tbl
                0x808435ec                reg_2_desc_tbl
                0x808435f8                reg_1_desc_tbl
                0x808436b8                reg_0_desc_tbl
 .data          0x80843730        0x0 common/libcommon.a(cmd_mmc.o)
 .data          0x80843730       0xcc common/libcommon.a(cmd_nand.o)
 .data          0x808437fc        0x0 common/libcommon.a(cmd_net.o)
 .data          0x808437fc        0x4 common/libcommon.a(cmd_nvedit.o)
 .data          0x80843800        0x0 common/libcommon.a(cmd_sf.o)
 .data          0x80843800        0x4 common/libcommon.a(cmd_usb.o)
 .data          0x80843804        0x0 common/libcommon.a(cmd_version.o)
 .data          0x80843804        0x0 common/libcommon.a(command.o)
 .data          0x80843804        0x0 common/libcommon.a(console.o)
 .data          0x80843804      0x410 common/libcommon.a(dlmalloc.o)
 .data          0x80843c14        0x0 common/libcommon.a(download_process.o)
 .data          0x80843c14       0xca common/libcommon.a(env_common.o)
                0x80843c14                default_environment
 *fill*         0x80843cde        0x2 
 .data          0x80843ce0       0x3c common/libcommon.a(env_common_func.o)
 .data          0x80843d1c        0x4 common/libcommon.a(env_emmc.o)
                0x80843d1c                emmc_env_name_spec
 .data          0x80843d20        0x4 common/libcommon.a(env_nand.o)
                0x80843d20                nand_env_name_spec
 .data          0x80843d24        0x4 common/libcommon.a(env_sf.o)
                0x80843d24                sf_env_name_spec
 .data          0x80843d28        0x0 common/libcommon.a(exports.o)
 .data          0x80843d28        0x0 common/libcommon.a(flash_part.o)
 .data          0x80843d28      0x204 common/libcommon.a(image.o)
 .data          0x80843f2c       0x14 common/libcommon.a(main.o)
 .data          0x80843f40        0x0 common/libcommon.a(miiphyutil.o)
 .data          0x80843f40        0xc common/libcommon.a(stdio.o)
                0x80843f40                stdio_names
 .data          0x80843f4c        0x0 common/libcommon.a(usb.o)
 .data          0x80843f4c       0x20 common/libcommon.a(usb_storage.o)
                0x80843f4c                us_direction
 .data          0x80843f6c        0x0 common/libcommon.a(xyzModem.o)
 .data          0x80843f6c        0x0 product/libproduct.a(sample.o)
 .data          0x80843f6c        0x0 board/hi3518ev200/libhi3518ev200.a(board.o)
 .data          0x80843f6c        0x0 lib/libgeneric.a(crc16.o)
 .data          0x80843f6c        0x0 lib/libgeneric.a(crc32.o)
 .data          0x80843f6c      0x100 lib/libgeneric.a(ctype.o)
                0x80843f6c                _ctype
 .data          0x8084406c        0x0 lib/libgeneric.a(display_options.o)
 .data          0x8084406c        0x0 lib/libgeneric.a(div64.o)
 .data          0x8084406c        0x0 lib/libgeneric.a(gunzip.o)
 .data          0x8084406c        0x0 lib/libgeneric.a(net_utils.o)
 .data          0x8084406c        0x0 lib/libgeneric.a(string.o)
 .data          0x8084406c        0x0 lib/libgeneric.a(time.o)
 .data          0x8084406c        0x0 lib/libgeneric.a(vsprintf.o)
 .data          0x8084406c        0x0 lib/libgeneric.a(match_table.o)
 .data          0x8084406c        0x0 lib/libgeneric.a(zlib.o)
 .data          0x8084406c        0x0 lib/lzma/liblzma.a(LzmaTools.o)
 .data          0x8084406c        0x0 lib/lzma/liblzma.a(LzmaDec.o)
 .data          0x8084406c        0x0 lib/hw_dec/libhw_dec.a(hw_decompress.o)
 .data          0x8084406c        0x0 drivers/ddr/libddr.a(ddr_cmd_ctl.o)
 .data          0x8084406c        0x0 drivers/ddr/libddr.a(ddr_cmd_loc.o)
 .data          0x8084406c        0x0 arch/arm/cpu/hi3518ev200/hi3518ev200/libhi3518ev200.a(timer.o)
 .data          0x8084406c        0x0 arch/arm/lib/libarm.a(bootm.o)
 .data          0x8084406c        0x0 arch/arm/lib/libarm.a(cache.o)
 .data          0x8084406c        0x0 arch/arm/lib/libarm.a(process.o)
 .data          0x8084406c        0x0 arch/arm/lib/libarm.a(reset.o)
 .data          0x8084406c        0x0 arch/arm/lib/libarm.a(hibernate_arm9.o)
 .data          0x8084406c        0x0 arch/arm/lib/libarm.a(bootm_asm.o)
 .data          0x8084406c        0x0 fs/fat/libfat.a(fat.o)
 .data          0x8084406c        0x8 fs/ext2/libext2fs.a(ext2fs.o)
                0x8084406c                indir1_blkno
                0x80844070                indir2_blkno
 .data          0x80844074        0x0 fs/ext2/libext2fs.a(dev.o)
 .data          0x80844074        0x0 disk/libdisk.a(part.o)
 .data          0x80844074        0x0 disk/libdisk.a(part_dos.o)
 .data          0x80844074        0x0 drivers/mmc/libmmc.a(himciv200_dbg_boot_read.o)
 .data          0x80844074        0x0 fs/ext4/libext4.a(unsparse.o)
 .data          0x80844074        0x2 drivers/mtd/libmtd.a(hifmc_common.o)
 .data          0x80844076        0x0 drivers/mtd/libmtd.a(hifmc_hi3518ev200.o)
 .data          0x80844076        0x0 drivers/mtd/nand/libnand.a(nand_util.o)
 .data          0x80844076       0x4b drivers/usb/host/hiusb/libhiusb.a(hiusb-ohci.o)
 .data          0x808440c1        0x0 lib/libgeneric.a(vsnprintf.o)
 *fill*         0x808440c1        0x7 
 .data          0x808440c8       0x90 arch/arm/cpu/hi3518ev200/libhi3518ev200.a(cpu.o)
                0x808440c8                cpu_info
 .data          0x80844158        0x0 arch/arm/lib/libarm.a(cache-cp15.o)
 .data          0x80844158        0x0 arch/arm/lib/libarm.a(mmu.o)
 .data          0x80844158        0x0 /nfs/nfs/opensource/uboot/u-boot-2010.06/arch/arm/lib/eabi_compat.o
 .data          0x80844158        0x0 /opt/hisi-linux/x86-arm/arm-hisiv510-linux/bin/../lib/gcc/arm-hisiv510-linux-uclibcgnueabi/6.2.1/libgcc.a(_udivsi3.o)
 .data          0x80844158        0x0 /opt/hisi-linux/x86-arm/arm-hisiv510-linux/bin/../lib/gcc/arm-hisiv510-linux-uclibcgnueabi/6.2.1/libgcc.a(_divsi3.o)
 .data          0x80844158        0x0 /opt/hisi-linux/x86-arm/arm-hisiv510-linux/bin/../lib/gcc/arm-hisiv510-linux-uclibcgnueabi/6.2.1/libgcc.a(_lshrdi3.o)
 .data          0x80844158        0x0 /opt/hisi-linux/x86-arm/arm-hisiv510-linux/bin/../lib/gcc/arm-hisiv510-linux-uclibcgnueabi/6.2.1/libgcc.a(_ashrdi3.o)
 .data          0x80844158        0x0 /opt/hisi-linux/x86-arm/arm-hisiv510-linux/bin/../lib/gcc/arm-hisiv510-linux-uclibcgnueabi/6.2.1/libgcc.a(_ashldi3.o)
 .data          0x80844158        0x0 /opt/hisi-linux/x86-arm/arm-hisiv510-linux/bin/../lib/gcc/arm-hisiv510-linux-uclibcgnueabi/6.2.1/libgcc.a(_dvmd_lnx.o)

.igot.plt       0x80844158        0x0
 .igot.plt      0x80844158        0x0 arch/arm/cpu/hi3518ev200/start.o

.got.plt        0x80844158        0xc
 .got.plt       0x80844158        0xc arch/arm/cpu/hi3518ev200/start.o
                0x80844158                _GLOBAL_OFFSET_TABLE_
                0x80844164                . = ALIGN (0x4)

.got            0x80844164       0x24
 *(.got)
 .got           0x80844164       0x24 arch/arm/cpu/hi3518ev200/start.o
                0x80844188                __u_boot_cmd_start = .

.u_boot_cmd     0x80844188      0x3d8
 *(.u_boot_cmd)
 .u_boot_cmd    0x80844188       0x18 common/bootss2.a(cmd_bootss2.o)
                0x80844188                __u_boot_cmd_bootss
 .u_boot_cmd    0x808441a0       0x30 common/libcommon.a(cmd_boot.o)
                0x808441a0                __u_boot_cmd_reset
                0x808441b8                __u_boot_cmd_go
 .u_boot_cmd    0x808441d0       0x18 common/libcommon.a(cmd_bootm.o)
                0x808441d0                __u_boot_cmd_bootm
 .u_boot_cmd    0x808441e8       0x18 common/libcommon.a(cmd_ddr_training_v2.o)
                0x808441e8                __u_boot_cmd_ddr
 .u_boot_cmd    0x80844200       0x30 common/libcommon.a(cmd_ext2.o)
                0x80844200                __u_boot_cmd_ext2load
                0x80844218                __u_boot_cmd_ext2ls
 .u_boot_cmd    0x80844230       0x48 common/libcommon.a(cmd_fat.o)
                0x80844230                __u_boot_cmd_fatinfo
                0x80844248                __u_boot_cmd_fatls
                0x80844260                __u_boot_cmd_fatload
 .u_boot_cmd    0x80844278       0x18 common/libcommon.a(cmd_getinfo.o)
                0x80844278                __u_boot_cmd_getinfo
 .u_boot_cmd    0x80844290       0x30 common/libcommon.a(cmd_help.o)
                0x80844290                __u_boot_cmd_question_mark
                0x808442a8                __u_boot_cmd_help
 .u_boot_cmd    0x808442c0       0x30 common/libcommon.a(cmd_load.o)
                0x808442c0                __u_boot_cmd_loady
                0x808442d8                __u_boot_cmd_loadb
 .u_boot_cmd    0x808442f0       0xf0 common/libcommon.a(cmd_mem.o)
                0x808442f0                __u_boot_cmd_mtest
                0x80844308                __u_boot_cmd_loop
                0x80844320                __u_boot_cmd_base
                0x80844338                __u_boot_cmd_crc32
                0x80844350                __u_boot_cmd_cmp
                0x80844368                __u_boot_cmd_cp
                0x80844380                __u_boot_cmd_mw
                0x80844398                __u_boot_cmd_nm
                0x808443b0                __u_boot_cmd_mm
                0x808443c8                __u_boot_cmd_md
 .u_boot_cmd    0x808443e0       0x18 common/libcommon.a(cmd_mii.o)
                0x808443e0                __u_boot_cmd_mii
 .u_boot_cmd    0x808443f8       0x30 common/libcommon.a(cmd_mmc.o)
                0x808443f8                __u_boot_cmd_mmc
                0x80844410                __u_boot_cmd_mmcinfo
 .u_boot_cmd    0x80844428       0x30 common/libcommon.a(cmd_nand.o)
                0x80844428                __u_boot_cmd_nboot
                0x80844440                __u_boot_cmd_nand
 .u_boot_cmd    0x80844458       0x60 common/libcommon.a(cmd_net.o)
                0x80844458                __u_boot_cmd_ping
                0x80844470                __u_boot_cmd_rarpboot
                0x80844488                __u_boot_cmd_tftp
                0x808444a0                __u_boot_cmd_bootp
 .u_boot_cmd    0x808444b8       0x48 common/libcommon.a(cmd_nvedit.o)
                0x808444b8                __u_boot_cmd_setenv
                0x808444d0                __u_boot_cmd_printenv
                0x808444e8                __u_boot_cmd_saveenv
 .u_boot_cmd    0x80844500       0x18 common/libcommon.a(cmd_sf.o)
                0x80844500                __u_boot_cmd_sf
 .u_boot_cmd    0x80844518       0x30 common/libcommon.a(cmd_usb.o)
                0x80844518                __u_boot_cmd_usbboot
                0x80844530                __u_boot_cmd_usb
 .u_boot_cmd    0x80844548       0x18 common/libcommon.a(cmd_version.o)
                0x80844548                __u_boot_cmd_version
                0x80844560                __u_boot_cmd_end = .
                0x80844560                . = ALIGN (0x4)
                0x80844560                __bss_start = .

.bss            0x80844600    0x9f760
 *(.bss)
 .bss           0x80844600        0x0 arch/arm/cpu/hi3518ev200/start.o
 .bss           0x80844600        0x0 arch/arm/cpu/hi3518ev200/lowlevel_init_svb.o
 .bss           0x80844600        0x0 drivers/ddr/ddr_training_impl.o
 .bss           0x80844600        0x0 drivers/ddr/ddr_training_ctl.o
 .bss           0x80844600        0x0 drivers/ddr/ddr_training_boot.o
 .bss           0x80844600        0x0 drivers/ddr/ddr_training_custom.o
 .bss           0x80844600        0x0 arch/arm/cpu/hi3518ev200/libhi3518ev200.a(uart.o)
 .bss           0x80844600        0x0 arch/arm/cpu/hi3518ev200/libhi3518ev200.a(lowlevel_init_v300.o)
 .bss           0x80844600        0x0 arch/arm/cpu/hi3518ev200/libhi3518ev200.a(emmc_boot.o)
 .bss           0x80844600        0x0 arch/arm/cpu/hi3518ev200/libhi3518ev200.a(chip.o)
 .bss           0x80844600        0x4 arch/arm/lib/libarm.a(board.o)
                0x80844600                monitor_flash_len
 .bss           0x80844604        0x0 arch/arm/lib/libarm.a(interrupts.o)
 .bss           0x80844604        0x0 arch/arm/lib/libarm.a(memset.o)
 .bss           0x80844604        0x0 arch/arm/lib/libarm.a(memcpy.o)
 .bss           0x80844604        0x0 net/libnet.a(eth.o)
 .bss           0x80844604     0x25dc net/libnet.a(net.o)
                0x80844604                NetState
                0x80844608                NetPingIP
                0x80844620                NetOurEther
                0x80844628                NetTxPacket
                0x8084462c                NetOurIP
                0x80844630                NetArpWaitPacketIP
                0x80844634                NetOurSubnetMask
                0x80844638                NetOurGatewayIP
                0x8084463c                NetArpWaitReplyIP
                0x80844640                NetArpWaitTimerStart
                0x80844644                NetArpWaitTry
                0x80844648                NetEtherNullAddr
                0x80844654                NetArpWaitPacketMAC
                0x80844658                NetArpWaitTxPacket
                0x8084465c                NetIPID
                0x80844664                NetArpWaitTxPacketSize
                0x80844668                NetRxPacket
                0x8084466c                NetRxPacketLen
                0x80844670                NetServerIP
                0x80844674                NetServerEther
                0x80844680                PktBuf
                0x808464a0                NetRxPackets
                0x808464b0                NetArpWaitPacketBuf
                0x80846ad4                NetBootFileXferSize
                0x80846ad8                BootFile
                0x80846b58                NetBootFileSize
                0x80846b5a                NetOurRootPath
                0x80846b9a                NetOurHostName
                0x80846bba                NetOurNISDomain
                0x80846bdc                NetOurDNSIP
 .bss           0x80846be0        0x4 net/libnet.a(rarp.o)
                0x80846be0                RarpTry
 .bss           0x80846be4       0xbd net/libnet.a(tftp.o)
                0x80846c70                upload_size
 *fill*         0x80846ca1        0x3 
 .bss           0x80846ca4        0x8 net/libnet.a(bootp.o)
                0x80846ca4                BootpID
                0x80846ca8                BootpTry
 .bss           0x80846cac        0xc drivers/mmc/libmmc.a(mmc.o)
 *fill*         0x80846cb8      0x148 
 .bss           0x80846e00    0x50200 drivers/mmc/libmmc.a(himciv200.o)
 .bss           0x80897000      0x1d0 drivers/mtd/nand/libnand.a(nand.o)
                0x80897000                nand_info
 .bss           0x808971d0       0x50 drivers/mtd/nand/libnand.a(nand_base.o)
                0x80897218                nand_base_oob_resize
                0x8089721c                nand_base_get_special_flash_type
 .bss           0x80897220        0x0 drivers/mtd/nand/libnand.a(nand_bbt.o)
 .bss           0x80897220        0x0 drivers/mtd/nand/libnand.a(nand_ecc.o)
 .bss           0x80897220        0x0 drivers/mtd/nand/libnand.a(nand_ids.o)
 .bss           0x80897220        0x8 drivers/mtd/nand/libnand.a(hinfc_common.o)
                0x80897220                nand_oob_resize
                0x80897224                nand_get_spl_flash_type
 .bss           0x80897228      0x138 drivers/mtd/nand/hifmc100/libhifmcv100.a(hifmc100_os.o)
 .bss           0x80897360        0x0 drivers/mtd/nand/hifmc100/libhifmcv100.a(hifmc100.o)
 .bss           0x80897360        0x0 drivers/mtd/nand/hifmc100/libhifmcv100.a(hifmc_spi_nand_ids.o)
 .bss           0x80897360        0x8 drivers/mtd/spi/libspi_flash.a(spi_compatible.o)
 .bss           0x80897368      0x1cc drivers/mtd/spi/hifmc100/libhifmcv100.a(hifmc100_os.o)
 .bss           0x80897534        0x8 drivers/mtd/spi/hifmc100/libhifmcv100.a(hifmc_spi_nor_ids.o)
                0x80897534                spiinfo
                0x80897538                start_up_addr_mode
 .bss           0x8089753c        0x0 drivers/mtd/spi/hifmc100/libhifmcv100.a(hifmc100.o)
 .bss           0x8089753c       0x30 drivers/net/hisfv300/libhisfv300.a(net-drv.o)
                0x8089753c                U_PHY_NAME
                0x80897542                D_PHY_NAME
 .bss           0x8089756c        0xc drivers/net/hisfv300/libhisfv300.a(mii-drv.o)
 .bss           0x80897578        0x0 drivers/net/hisfv300/libhisfv300.a(ctrl.o)
 .bss           0x80897578        0x0 drivers/net/hisfv300/libhisfv300.a(glb.o)
 .bss           0x80897578        0x0 drivers/net/hisfv300/libhisfv300.a(mac.o)
 .bss           0x80897578        0x0 drivers/net/hisfv300/libhisfv300.a(mdio.o)
 .bss           0x80897578        0x0 drivers/net/hisfv300/libhisfv300.a(sys.o)
 .bss           0x80897578       0x10 common/bootss2.a(cmd_bootss2.o)
                0x80897580                COMP_SRC_BUF
 .bss           0x80897588        0x0 drivers/serial/libserial.a(serial_pl01x.o)
 .bss           0x80897588        0x0 common/libcommon.a(cmd_boot.o)
 .bss           0x80897588       0x8c common/libcommon.a(cmd_bootm.o)
 .bss           0x80897614     0x173c common/libcommon.a(cmd_ddr_training_v2.o)
 .bss           0x80898d50        0x0 common/libcommon.a(cmd_ext2.o)
 .bss           0x80898d50        0x0 common/libcommon.a(cmd_fat.o)
 .bss           0x80898d50        0x0 common/libcommon.a(cmd_getinfo.o)
 .bss           0x80898d50        0x0 common/libcommon.a(cmd_help.o)
 .bss           0x80898d50       0x60 common/libcommon.a(cmd_load.o)
                0x80898d5c                his_pad_count
                0x80898d60                his_pad_char
                0x80898d79                his_eol
                0x80898d80                os_data_init
                0x80898d90                os_data_char
                0x80898d94                his_quote
                0x80898d98                send_ptr
                0x80898d9c                send_parms
 .bss           0x80898db0       0x14 common/libcommon.a(cmd_mem.o)
                0x80898db0                dp_last_addr
                0x80898db4                dp_last_size
                0x80898dbc                mm_last_addr
                0x80898dc0                mm_last_size
 .bss           0x80898dc4       0x18 common/libcommon.a(cmd_mii.o)
                0x80898dc4                last_op
                0x80898dc8                last_addr_lo
                0x80898dcc                last_addr_hi
                0x80898dd0                last_reg_lo
                0x80898dd4                last_reg_hi
                0x80898dd8                last_data
 .bss           0x80898ddc        0x0 common/libcommon.a(cmd_mmc.o)
 .bss           0x80898ddc        0x0 common/libcommon.a(cmd_nand.o)
 .bss           0x80898ddc        0x0 common/libcommon.a(cmd_net.o)
 .bss           0x80898ddc        0x0 common/libcommon.a(cmd_nvedit.o)
 .bss           0x80898ddc        0x4 common/libcommon.a(cmd_sf.o)
 .bss           0x80898de0        0x0 common/libcommon.a(cmd_usb.o)
 .bss           0x80898de0        0x0 common/libcommon.a(cmd_version.o)
 .bss           0x80898de0      0x600 common/libcommon.a(command.o)
 .bss           0x808993e0        0x8 common/libcommon.a(console.o)
 .bss           0x808993e8       0x40 common/libcommon.a(dlmalloc.o)
                0x808993e8                mem_malloc_brk
                0x808993ec                mem_malloc_start
                0x808993f0                mem_malloc_end
 .bss           0x80899428      0x400 common/libcommon.a(download_process.o)
 .bss           0x80899828        0x0 common/libcommon.a(env_common.o)
 .bss           0x80899828        0xc common/libcommon.a(env_common_func.o)
                0x80899828                env_cmn_func
                0x8089982c                env_name_spec
                0x80899830                env_ptr
 .bss           0x80899834        0x0 common/libcommon.a(env_emmc.o)
 .bss           0x80899834        0x0 common/libcommon.a(env_nand.o)
 .bss           0x80899834        0x4 common/libcommon.a(env_sf.o)
 .bss           0x80899838        0x0 common/libcommon.a(exports.o)
 .bss           0x80899838        0x0 common/libcommon.a(flash_part.o)
 .bss           0x80899838        0x0 common/libcommon.a(image.o)
 .bss           0x80899838     0x5875 common/libcommon.a(main.o)
                0x80899844                hist_num
                0x80899848                hist_list
                0x80899898                hist_lines
                0x8089e8ac                console_buffer
 *fill*         0x8089f0ad        0x3 
 .bss           0x8089f0b0        0xc common/libcommon.a(miiphyutil.o)
 .bss           0x8089f0bc       0x48 common/libcommon.a(stdio.o)
                0x8089f0f8                stdio_devices
 .bss           0x8089f104    0x12b1c common/libcommon.a(usb.o)
                0x8089f104                usb_started
                0x8089f110                have_xhci_device
 .bss           0x808b1c20      0x5b8 common/libcommon.a(usb_storage.o)
 .bss           0x808b21d8      0x43c common/libcommon.a(xyzModem.o)
 .bss           0x808b2614        0x0 product/libproduct.a(sample.o)
 .bss           0x808b2614        0x4 board/hi3518ev200/libhi3518ev200.a(board.o)
 .bss           0x808b2618        0x0 lib/libgeneric.a(crc16.o)
 .bss           0x808b2618        0x0 lib/libgeneric.a(crc32.o)
 .bss           0x808b2618        0x0 lib/libgeneric.a(ctype.o)
 .bss           0x808b2618        0x0 lib/libgeneric.a(display_options.o)
 .bss           0x808b2618        0x0 lib/libgeneric.a(div64.o)
 .bss           0x808b2618        0x0 lib/libgeneric.a(gunzip.o)
 .bss           0x808b2618        0x0 lib/libgeneric.a(net_utils.o)
 .bss           0x808b2618        0x4 lib/libgeneric.a(string.o)
                0x808b2618                ___strtok
 .bss           0x808b261c        0x0 lib/libgeneric.a(time.o)
 .bss           0x808b261c       0x14 lib/libgeneric.a(vsprintf.o)
 .bss           0x808b2630        0x0 lib/libgeneric.a(match_table.o)
 .bss           0x808b2630        0x0 lib/libgeneric.a(zlib.o)
 .bss           0x808b2630        0x0 lib/lzma/liblzma.a(LzmaTools.o)
 .bss           0x808b2630        0x0 lib/lzma/liblzma.a(LzmaDec.o)
 .bss           0x808b2630       0x10 lib/hw_dec/libhw_dec.a(hw_decompress.o)
                0x808b2630                hw_dec_sop
                0x808b2634                hw_dec_eop
                0x808b2638                hw_dec_cur_blk
                0x808b263c                hw_dec_type
 .bss           0x808b2640        0x0 drivers/ddr/libddr.a(ddr_cmd_ctl.o)
 .bss           0x808b2640        0x0 drivers/ddr/libddr.a(ddr_cmd_loc.o)
 .bss           0x808b2640        0x8 arch/arm/cpu/hi3518ev200/hi3518ev200/libhi3518ev200.a(timer.o)
 .bss           0x808b2648        0x4 arch/arm/lib/libarm.a(bootm.o)
 .bss           0x808b264c        0x0 arch/arm/lib/libarm.a(cache.o)
 .bss           0x808b264c       0x2c arch/arm/lib/libarm.a(process.o)
 .bss           0x808b2678        0x0 arch/arm/lib/libarm.a(reset.o)
 .bss           0x808b2678        0x0 arch/arm/lib/libarm.a(hibernate_arm9.o)
 .bss           0x808b2678        0x0 arch/arm/lib/libarm.a(bootm_asm.o)
 .bss           0x808b2678    0x30054 fs/fat/libfat.a(fat.o)
                0x808b26c8                get_vfatname_block
                0x808c26cc                do_fat_read_block
                0x808d26cc                get_dentfromdir_block
 .bss           0x808e26cc       0x20 fs/ext2/libext2fs.a(ext2fs.o)
                0x808e26d0                ext2fs_root
                0x808e26d4                indir1_block
                0x808e26d8                indir1_size
                0x808e26dc                indir2_block
                0x808e26e0                indir2_size
                0x808e26e4                symlinknest
                0x808e26e8                ext2fs_file
 .bss           0x808e26ec       0x50 fs/ext2/libext2fs.a(dev.o)
 .bss           0x808e273c        0x0 disk/libdisk.a(part.o)
 .bss           0x808e273c        0x0 disk/libdisk.a(part_dos.o)
 .bss           0x808e273c        0x4 drivers/mmc/libmmc.a(himciv200_dbg_boot_read.o)